[    0.000000] Initializing cgroup subsys cpuset
[    0.000000] Initializing cgroup subsys cpu
[    0.000000] Initializing cgroup subsys cpuacct
[    0.000000] Linux version 4.4.0-187-generic (buildd@lgw01-amd64-035) (gcc version 5.4.0 20160609 (Ubuntu 5.4.0-6ubuntu1~16.04.12) ) #217-Ubuntu SMP Tue Jul 21 04:18:15 UTC 2020 (Ubuntu 4.4.0-187.217-generic 4.4.230)
[    0.000000] Command line: BOOT_IMAGE=/boot/vmlinuz-4.4.0-187-generic root=LABEL=cloudimg-rootfs ro console=tty1 console=ttyS0
[    0.000000] KERNEL supported cpus:
[    0.000000]   Intel GenuineIntel
[    0.000000]   AMD AuthenticAMD
[    0.000000]   Centaur CentaurHauls
[    0.000000] x86/fpu: xstate_offset[2]:  576, xstate_sizes[2]:  256
[    0.000000] x86/fpu: Supporting XSAVE feature 0x01: 'x87 floating point registers'
[    0.000000] x86/fpu: Supporting XSAVE feature 0x02: 'SSE registers'
[    0.000000] x86/fpu: Supporting XSAVE feature 0x04: 'AVX registers'
[    0.000000] x86/fpu: Enabled xstate features 0x7, context size is 832 bytes, using 'standard' format.
[    0.000000] e820: BIOS-provided physical RAM map:
[    0.000000] BIOS-e820: [mem 0x0000000000000000-0x000000000009fbff] usable
[    0.000000] BIOS-e820: [mem 0x000000000009fc00-0x000000000009ffff] reserved
[    0.000000] BIOS-e820: [mem 0x00000000000f0000-0x00000000000fffff] reserved
[    0.000000] BIOS-e820: [mem 0x0000000000100000-0x000000007ffeffff] usable
[    0.000000] BIOS-e820: [mem 0x000000007fff0000-0x000000007fffffff] ACPI data
[    0.000000] BIOS-e820: [mem 0x00000000fec00000-0x00000000fec00fff] reserved
[    0.000000] BIOS-e820: [mem 0x00000000fee00000-0x00000000fee00fff] reserved
[    0.000000] BIOS-e820: [mem 0x00000000fffc0000-0x00000000ffffffff] reserved
[    0.000000] NX (Execute Disable) protection: active
[    0.000000] SMBIOS 2.5 present.
[    0.000000] Hypervisor detected: KVM
[    0.000000] e820: last_pfn = 0x7fff0 max_arch_pfn = 0x400000000
[    0.000000] MTRR: Disabled
[    0.000000] x86/PAT: MTRRs disabled, skipping PAT initialization too.
[    0.000000] CPU MTRRs all blank - virtualized system.
[    0.000000] x86/PAT: Configuration [0-7]: WB  WT  UC- UC  WB  WT  UC- UC  
[    0.000000] found SMP MP-table at [mem 0x0009fff0-0x0009ffff] mapped at [ffff88000009fff0]
[    0.000000] Scanning 1 areas for low memory corruption
[    0.000000] RAMDISK: [mem 0x362de000-0x37166fff]
[    0.000000] ACPI: Early table checksum verification disabled
[    0.000000] ACPI: RSDP 0x00000000000E0000 000024 (v02 VBOX  )
[    0.000000] ACPI: XSDT 0x000000007FFF0030 00003C (v01 VBOX   VBOXXSDT 00000001 ASL  00000061)
[    0.000000] ACPI: FACP 0x000000007FFF00F0 0000F4 (v04 VBOX   VBOXFACP 00000001 ASL  00000061)
[    0.000000] ACPI: DSDT 0x000000007FFF0470 002325 (v02 VBOX   VBOXBIOS 00000002 INTL 20190509)
[    0.000000] ACPI: FACS 0x000000007FFF0200 000040
[    0.000000] ACPI: FACS 0x000000007FFF0200 000040
[    0.000000] ACPI: APIC 0x000000007FFF0240 00005C (v02 VBOX   VBOXAPIC 00000001 ASL  00000061)
[    0.000000] ACPI: SSDT 0x000000007FFF02A0 0001CC (v01 VBOX   VBOXCPUT 00000002 INTL 20190509)
[    0.000000] No NUMA configuration found
[    0.000000] Faking a node at [mem 0x0000000000000000-0x000000007ffeffff]
[    0.000000] NODE_DATA(0) allocated [mem 0x7ffeb000-0x7ffeffff]
[    0.000000] kvm-clock: Using msrs 4b564d01 and 4b564d00
[    0.000000] kvm-clock: cpu 0, msr 0:7ffe3001, primary cpu clock
[    0.000000] kvm-clock: using sched offset of 3762980804 cycles
[    0.000000] clocksource: kvm-clock: mask: 0xffffffffffffffff max_cycles: 0x1cd42e4dffb, max_idle_ns: 881590591483 ns
[    0.000000] Zone ranges:
[    0.000000]   DMA      [mem 0x0000000000001000-0x0000000000ffffff]
[    0.000000]   DMA32    [mem 0x0000000001000000-0x000000007ffeffff]
[    0.000000]   Normal   empty
[    0.000000]   Device   empty
[    0.000000] Movable zone start for each node
[    0.000000] Early memory node ranges
[    0.000000]   node   0: [mem 0x0000000000001000-0x000000000009efff]
[    0.000000]   node   0: [mem 0x0000000000100000-0x000000007ffeffff]
[    0.000000] Initmem setup node 0 [mem 0x0000000000001000-0x000000007ffeffff]
[    0.000000] ACPI: PM-Timer IO Port: 0x4008
[    0.000000] IOAPIC[0]: apic_id 2, version 32, address 0xfec00000, GSI 0-23
[    0.000000] ACPI: INT_SRC_OVR (bus 0 bus_irq 0 global_irq 2 dfl dfl)
[    0.000000] ACPI: INT_SRC_OVR (bus 0 bus_irq 9 global_irq 9 low level)
[    0.000000] Using ACPI (MADT) for SMP configuration information
[    0.000000] smpboot: Allowing 2 CPUs, 0 hotplug CPUs
[    0.000000] PM: Registered nosave memory: [mem 0x00000000-0x00000fff]
[    0.000000] PM: Registered nosave memory: [mem 0x0009f000-0x0009ffff]
[    0.000000] PM: Registered nosave memory: [mem 0x000a0000-0x000effff]
[    0.000000] PM: Registered nosave memory: [mem 0x000f0000-0x000fffff]
[    0.000000] e820: [mem 0x80000000-0xfebfffff] available for PCI devices
[    0.000000] Booting paravirtualized kernel on KVM
[    0.000000] clocksource: refined-jiffies: mask: 0xffffffff max_cycles: 0xffffffff, max_idle_ns: 7645519600211568 ns
[    0.000000] setup_percpu: NR_CPUS:512 nr_cpumask_bits:512 nr_cpu_ids:2 nr_node_ids:1
[    0.000000] PERCPU: Embedded 33 pages/cpu @ffff88007fc00000 s95512 r8192 d31464 u1048576
[    0.000000] Built 1 zonelists in Node order, mobility grouping on.  Total pages: 515960
[    0.000000] Policy zone: DMA32
[    0.000000] Kernel command line: BOOT_IMAGE=/boot/vmlinuz-4.4.0-187-generic root=LABEL=cloudimg-rootfs ro console=tty1 console=ttyS0
[    0.000000] PID hash table entries: 4096 (order: 3, 32768 bytes)
[    0.000000] Memory: 2029852K/2096696K available (8636K kernel code, 1337K rwdata, 4040K rodata, 1492K init, 1296K bss, 66844K reserved, 0K cma-reserved)
[    0.000000] SLUB: HWalign=64, Order=0-3, MinObjects=0, CPUs=2, Nodes=1
[    0.000000] Kernel/User page tables isolation: enabled
[    0.000000] Hierarchical RCU implementation.
[    0.000000] 	Build-time adjustment of leaf fanout to 64.
[    0.000000] 	RCU restricting CPUs from NR_CPUS=512 to nr_cpu_ids=2.
[    0.000000] RCU: Adjusting geometry for rcu_fanout_leaf=64, nr_cpu_ids=2
[    0.000000] NR_IRQS:33024 nr_irqs:440 16
[    0.000000] Console: colour VGA+ 80x25
[    0.000000] console [tty1] enabled
[    0.000000] console [ttyS0] enabled
[    0.000000] tsc: Detected 1896.075 MHz processor
[    0.218183] Calibrating delay loop (skipped) preset value.. 3792.15 BogoMIPS (lpj=7584300)
[    0.221004] pid_max: default: 32768 minimum: 301
[    0.222597] ACPI: Core revision 20150930
[    0.225307] ACPI: 2 ACPI AML tables successfully acquired and loaded
[    0.227478] Security Framework initialized
[    0.228924] Yama: becoming mindful.
[    0.230184] AppArmor: AppArmor initialized
[    0.232634] Dentry cache hash table entries: 262144 (order: 9, 2097152 bytes)
[    0.235316] Inode-cache hash table entries: 131072 (order: 8, 1048576 bytes)
[    0.238692] Mount-cache hash table entries: 4096 (order: 3, 32768 bytes)
[    0.240806] Mountpoint-cache hash table entries: 4096 (order: 3, 32768 bytes)
[    0.243219] Initializing cgroup subsys io
[    0.244637] Initializing cgroup subsys memory
[    0.246133] Initializing cgroup subsys devices
[    0.247627] Initializing cgroup subsys freezer
[    0.249162] Initializing cgroup subsys net_cls
[    0.250670] Initializing cgroup subsys perf_event
[    0.252236] Initializing cgroup subsys net_prio
[    0.253799] Initializing cgroup subsys hugetlb
[    0.255293] Initializing cgroup subsys pids
[    0.266123] mce: CPU supports 0 MCE banks
[    0.267535] Last level iTLB entries: 4KB 1024, 2MB 1024, 4MB 1024
[    0.269481] Last level dTLB entries: 4KB 1024, 2MB 1024, 4MB 1024, 1GB 4
[    0.271565] Spectre V1 : Mitigation: usercopy/swapgs barriers and __user pointer sanitization
[    0.274433] Spectre V2 : Mitigation: Full generic retpoline
[    0.276226] Spectre V2 : Spectre v2 / SpectreRSB mitigation: Filling RSB on context switch
[    0.279023] Speculative Store Bypass: Vulnerable
[    0.280556] SRBDS: Unknown: Dependent on hypervisor status
[    0.282501] MDS: Mitigation: Clear CPU buffers
[    0.287902] Freeing SMP alternatives memory: 36K
[    0.298167] ftrace: allocating 32337 entries in 127 pages
[    0.383976] smpboot: APIC(0) Converting physical 0 to logical package 0
[    0.386114] smpboot: Max logical packages: 1
[    0.387918] x2apic enabled
[    0.389315] Switched APIC routing to physical x2apic.
[    0.392513] ..TIMER: vector=0x30 apic1=0 pin1=2 apic2=-1 pin2=-1
[    0.502577] smpboot: CPU0: Intel(R) Core(TM) i3-4030U CPU @ 1.90GHz (family: 0x6, model: 0x45, stepping: 0x1)
[    0.506077] Performance Events: unsupported p6 CPU model 69 no PMU driver, software events only.
[    0.526668] KVM setup paravirtual spinlock
[    0.530124] x86: Booting SMP configuration:
[    0.531597] .... node  #0, CPUs:      #1
[    0.533075] kvm-clock: cpu 1, msr 0:7ffe3041, secondary cpu clock
[    0.543632] mce: CPU supports 0 MCE banks
[    0.546367] x86: Booted up 1 node, 2 CPUs
[    0.548072] smpboot: Total of 2 processors activated (7584.30 BogoMIPS)
[    0.550655] devtmpfs: initialized
[    0.554008] evm: security.selinux
[    0.555253] evm: security.SMACK64
[    0.556459] evm: security.SMACK64EXEC
[    0.557803] evm: security.SMACK64TRANSMUTE
[    0.559255] evm: security.SMACK64MMAP
[    0.560540] evm: security.ima
[    0.561661] evm: security.capability
[    0.563274] clocksource: jiffies: mask: 0xffffffff max_cycles: 0xffffffff, max_idle_ns: 7645041785100000 ns
[    0.566432] futex hash table entries: 512 (order: 3, 32768 bytes)
[    0.568593] pinctrl core: initialized pinctrl subsystem
[    0.570446] RTC time: 20:53:57, date: 09/26/20
[    0.572315] NET: Registered protocol family 16
[    0.582811] cpuidle: using governor ladder
[    0.594740] cpuidle: using governor menu
[    0.596745] PCCT header not found.
[    0.598687] ACPI: bus type PCI registered
[    0.600715] acpiphp: ACPI Hot Plug PCI Controller Driver version: 0.5
[    0.603833] PCI: Using configuration type 1 for base access
[    0.619506] ACPI: Added _OSI(Module Device)
[    0.621567] ACPI: Added _OSI(Processor Device)
[    0.623732] ACPI: Added _OSI(3.0 _SCP Extensions)
[    0.625947] ACPI: Added _OSI(Processor Aggregator Device)
[    0.629818] ACPI: Executed 1 blocks of module-level executable AML code
[    0.634936] ACPI: Interpreter enabled
[    0.636242] ACPI: (supports S0 S5)
[    0.637468] ACPI: Using IOAPIC for interrupt routing
[    0.639339] PCI: Using host bridge windows from ACPI; if necessary, use "pci=nocrs" and report a bug
[    0.647328] ACPI: PCI Root Bridge [PCI0] (domain 0000 [bus 00-ff])
[    0.649269] acpi PNP0A03:00: _OSC: OS supports [ASPM ClockPM Segments MSI]
[    0.651850] acpi PNP0A03:00: _OSC: not requesting OS control; OS requires [ExtendedConfig ASPM ClockPM MSI]
[    0.655028] acpi PNP0A03:00: fail to add MMCONFIG information, can't access extended PCI configuration space under this bridge.
[    0.659027] PCI host bridge to bus 0000:00
[    0.660436] pci_bus 0000:00: root bus resource [io  0x0000-0x0cf7 window]
[    0.662552] pci_bus 0000:00: root bus resource [io  0x0d00-0xffff window]
[    0.664634] pci_bus 0000:00: root bus resource [mem 0x000a0000-0x000bffff window]
[    0.667205] pci_bus 0000:00: root bus resource [mem 0x80000000-0xfdffffff window]
[    0.669758] pci_bus 0000:00: root bus resource [bus 00-ff]
[    0.673752] pci 0000:00:01.1: legacy IDE quirk: reg 0x10: [io  0x01f0-0x01f7]
[    0.675971] pci 0000:00:01.1: legacy IDE quirk: reg 0x14: [io  0x03f6]
[    0.677998] pci 0000:00:01.1: legacy IDE quirk: reg 0x18: [io  0x0170-0x0177]
[    0.693843] pci 0000:00:01.1: legacy IDE quirk: reg 0x1c: [io  0x0376]
[    0.743643] pci 0000:00:07.0: quirk: [io  0x4000-0x403f] claimed by PIIX4 ACPI
[    0.746236] pci 0000:00:07.0: quirk: [io  0x4100-0x410f] claimed by PIIX4 SMB
[    0.780019] ACPI: PCI Interrupt Link [LNKA] (IRQs 5 9 10 *11)
[    0.782714] ACPI: PCI Interrupt Link [LNKB] (IRQs 5 9 *10 11)
[    0.785155] ACPI: PCI Interrupt Link [LNKC] (IRQs 5 *9 10 11)
[    0.787642] ACPI: PCI Interrupt Link [LNKD] (IRQs 5 9 10 *11)
[    0.790871] ACPI: Enabled 2 GPEs in block 00 to 07
[    0.793752] vgaarb: setting as boot device: PCI:0000:00:02.0
[    0.797440] vgaarb: device added: PCI:0000:00:02.0,decodes=io+mem,owns=io+mem,locks=none
[    0.800698] vgaarb: loaded
[    0.801590] vgaarb: bridge control possible 0000:00:02.0
[    0.803476] SCSI subsystem initialized
[    0.804916] ACPI: bus type USB registered
[    0.806137] usbcore: registered new interface driver usbfs
[    0.807684] usbcore: registered new interface driver hub
[    0.809119] usbcore: registered new device driver usb
[    0.810893] PCI: Using ACPI for IRQ routing
[    0.812666] NetLabel: Initializing
[    0.813783] NetLabel:  domain hash size = 128
[    0.815113] NetLabel:  protocols = UNLABELED CIPSOv4
[    0.816500] NetLabel:  unlabeled traffic allowed by default
[    0.818232] amd_nb: Cannot enumerate AMD northbridges
[    0.819711] clocksource: Switched to clocksource kvm-clock
[    0.832468] AppArmor: AppArmor Filesystem Enabled
[    0.834442] pnp: PnP ACPI init
[    0.837022] pnp: PnP ACPI: found 3 devices
[    0.855188] clocksource: acpi_pm: mask: 0xffffff max_cycles: 0xffffff, max_idle_ns: 2085701024 ns
[    0.858943] NET: Registered protocol family 2
[    0.861138] TCP established hash table entries: 16384 (order: 5, 131072 bytes)
[    0.864442] TCP bind hash table entries: 16384 (order: 6, 262144 bytes)
[    0.867197] TCP: Hash tables configured (established 16384 bind 16384)
[    0.869820] UDP hash table entries: 1024 (order: 3, 32768 bytes)
[    0.872286] UDP-Lite hash table entries: 1024 (order: 3, 32768 bytes)
[    0.874818] NET: Registered protocol family 1
[    0.876810] pci 0000:00:00.0: Limiting direct PCI/PCI transfers
[    0.879230] pci 0000:00:01.0: Activating ISA DMA hang workarounds
[    0.882111] Unpacking initramfs...
[    1.199185] Freeing initrd memory: 14884K
[    1.200889] RAPL PMU detected, API unit is 2^-32 Joules, 4 fixed counters 10737418240 ms ovfl timer
[    1.203865] hw unit of domain pp0-core 2^-0 Joules
[    1.205484] hw unit of domain package 2^-0 Joules
[    1.208391] hw unit of domain dram 2^-0 Joules
[    1.210140] hw unit of domain pp1-gpu 2^-0 Joules
[    1.211708] clocksource: tsc: mask: 0xffffffffffffffff max_cycles: 0x36a960afab9, max_idle_ns: 881590630163 ns
[    1.214998] platform rtc_cmos: registered platform RTC device (no PNP device found)
[    1.217731] Scanning for low memory corruption every 60 seconds
[    1.220299] audit: initializing netlink subsys (disabled)
[    1.222048] audit: type=2000 audit(1601153643.115:1): initialized
[    1.224379] Initialise system trusted keyring
[    1.226133] HugeTLB registered 2 MB page size, pre-allocated 0 pages
[    1.230038] zbud: loaded
[    1.231620] VFS: Disk quotas dquot_6.6.0
[    1.233067] VFS: Dquot-cache hash table entries: 512 (order 0, 4096 bytes)
[    1.235256] squashfs: version 4.0 (2009/01/31) Phillip Lougher
[    1.237215] fuse init (API version 7.23)
[    1.238786] Key type big_key registered
[    1.240221] Allocating IMA MOK and blacklist keyrings.
[    1.243421] Key type asymmetric registered
[    1.244894] Asymmetric key parser 'x509' registered
[    1.246549] Block layer SCSI generic (bsg) driver version 0.4 loaded (major 249)
[    1.249250] io scheduler noop registered
[    1.250632] io scheduler deadline registered (default)
[    1.252427] io scheduler cfq registered
[    1.253880] pci_hotplug: PCI Hot Plug PCI Core version: 0.5
[    1.255689] pciehp: PCI Express Hot Plug Controller Driver version: 0.4
[    1.258002] ACPI: AC Adapter [AC] (on-line)
[    1.259513] input: Power Button as /devices/LNXSYSTM:00/LNXPWRBN:00/input/input0
[    1.262054] ACPI: Power Button [PWRF]
[    1.263402] input: Sleep Button as /devices/LNXSYSTM:00/LNXSLPBN:00/input/input1
[    1.265980] ACPI: Sleep Button [SLPF]
[    1.268391] ACPI: Battery Slot [BAT0] (battery present)
[    1.270129] GHES: HEST is not enabled!
[    1.271593] Serial: 8250/16550 driver, 32 ports, IRQ sharing enabled
[    1.294642] 00:02: ttyS0 at I/O 0x3f8 (irq = 4, base_baud = 115200) is a 16550A
[    1.298641] Linux agpgart interface v0.103
[    1.303265] loop: module loaded
[    1.305321] scsi host0: ata_piix
[    1.306749] scsi host1: ata_piix
[    1.307978] ata1: PATA max UDMA/33 cmd 0x1f0 ctl 0x3f6 bmdma 0xd000 irq 14
[    1.310182] ata2: PATA max UDMA/33 cmd 0x170 ctl 0x376 bmdma 0xd008 irq 15
[    1.312480] libphy: Fixed MDIO Bus: probed
[    1.313979] tun: Universal TUN/TAP device driver, 1.6
[    1.315650] tun: (C) 1999-2004 Max Krasnyansky <maxk@qualcomm.com>
[    1.317738] PPP generic driver version 2.4.2
[    1.320574] ehci_hcd: USB 2.0 'Enhanced' Host Controller (EHCI) Driver
[    1.322888] ehci-pci: EHCI PCI platform driver
[    1.324388] ehci-platform: EHCI generic platform driver
[    1.326057] ohci_hcd: USB 1.1 'Open' Host Controller (OHCI) Driver
[    1.328017] ohci-pci: OHCI PCI platform driver
[    1.329616] ohci-platform: OHCI generic platform driver
[    1.331330] uhci_hcd: USB Universal Host Controller Interface driver
[    1.333468] i8042: PNP: PS/2 Controller [PNP0303:PS2K,PNP0f03:PS2M] at 0x60,0x64 irq 1,12
[    1.336919] serio: i8042 KBD port at 0x60,0x64 irq 1
[    1.338563] serio: i8042 AUX port at 0x60,0x64 irq 12
[    1.340353] mousedev: PS/2 mouse device common for all mice
[    1.342789] rtc_cmos rtc_cmos: rtc core: registered rtc_cmos as rtc0
[    1.344963] rtc_cmos rtc_cmos: alarms up to one day, 114 bytes nvram
[    1.347033] i2c /dev entries driver
[    1.348398] input: AT Translated Set 2 keyboard as /devices/platform/i8042/serio0/input/input2
[    1.351447] device-mapper: uevent: version 1.0.3
[    1.353120] device-mapper: ioctl: 4.34.0-ioctl (2015-10-28) initialised: dm-devel@redhat.com
[    1.355935] ledtrig-cpu: registered to indicate activity on CPUs
[    1.358454] NET: Registered protocol family 10
[    1.360275] NET: Registered protocol family 17
[    1.361786] Key type dns_resolver registered
[    1.363543] registered taskstats version 1
[    1.365033] Loading compiled-in X.509 certificates
[    1.367583] Loaded X.509 cert 'Build time autogenerated kernel key: f06b7227f29f55afa9b8968d1b82289d30ebc7c3'
[    1.370861] zswap: loaded using pool lzo/zbud
[    1.375088] Key type trusted registered
[    1.381681] Key type encrypted registered
[    1.383438] AppArmor: AppArmor sha1 policy hashing enabled
[    1.385709] ima: No TPM chip found, activating TPM-bypass!
[    1.387870] ima: Allocated hash algorithm: sha1
[    1.389864] evm: HMAC attrs: 0x1
[    1.392142]   Magic number: 4:435:903
[    1.393486] acpi PNP0501:03: hash matches
[    1.394982] rtc_cmos rtc_cmos: setting system clock to 2020-09-26 20:53:58 UTC (1601153638)
[    1.398003] BIOS EDD facility v0.16 2004-Jun-25, 0 devices found
[    1.399890] EDD information not available.
[    1.830620] Freeing unused kernel memory: 1492K
[    1.832159] Write protecting the kernel read-only data: 14336k
[    1.834732] Freeing unused kernel memory: 1592K
[    1.836561] Freeing unused kernel memory: 56K
Loading, please wait...
starting version 229
[    1.860472] random: systemd-udevd: uninitialized urandom read (16 bytes read, 2 bits of entropy available)
[    1.861650] random: udevadm: uninitialized urandom read (16 bytes read, 2 bits of entropy available)
[    1.861686] random: udevadm: uninitialized urandom read (16 bytes read, 2 bits of entropy available)
[    1.872537] random: systemd-udevd: uninitialized urandom read (16 bytes read, 2 bits of entropy available)
[    1.875151] random: udevadm: uninitialized urandom read (16 bytes read, 2 bits of entropy available)
[    1.875222] random: udevadm: uninitialized urandom read (16 bytes read, 2 bits of entropy available)
[    1.875432] random: udevadm: uninitialized urandom read (16 bytes read, 2 bits of entropy available)
[    1.875513] random: udevadm: uninitialized urandom read (16 bytes read, 2 bits of entropy available)
[    1.875594] random: udevadm: uninitialized urandom read (16 bytes read, 2 bits of entropy available)
[    1.875676] random: udevadm: uninitialized urandom read (16 bytes read, 2 bits of entropy available)
[    1.943855] e1000: Intel(R) PRO/1000 Network Driver - version 7.3.21-k8-NAPI
[    1.946549] e1000: Copyright (c) 1999-2006 Intel Corporation.
[    1.954487] Fusion MPT base driver 3.04.20
[    1.956117] Copyright (c) 1999-2008 LSI Corporation
[    1.981720] Fusion MPT SPI Host driver 3.04.20
[    1.994427] AVX2 version of gcm_enc/dec engaged.
[    1.996841] AES CTR mode by8 optimization enabled
[    2.163097] input: ImExPS/2 Generic Explorer Mouse as /devices/platform/i8042/serio1/input/input4
[    2.820923] e1000 0000:00:03.0 eth0: (PCI:33MHz:32-bit) 02:98:c6:81:17:55
[    2.822748] e1000 0000:00:03.0 eth0: Intel(R) PRO/1000 Network Connection
[    2.825544] mptbase: ioc0: Initiating bringup
[    3.724608] ioc0: LSI53C1030 A0: Capabilities={Initiator}
[    6.223963] scsi host2: ioc0: LSI53C1030 A0, FwRev=00000000h, Ports=1, MaxQ=256, IRQ=20
[    8.571889] scsi 2:0:0:0: Direct-Access     VBOX     HARDDISK         1.0  PQ: 0 ANSI: 5
[    8.578451] scsi target2:0:0: Beginning Domain Validation
[    8.584398] scsi target2:0:0: Domain Validation skipping write tests
[    8.599756] scsi target2:0:0: Ending Domain Validation
[    8.601662] scsi target2:0:0: asynchronous
[    8.603854] scsi 2:0:1:0: Direct-Access     VBOX     HARDDISK         1.0  PQ: 0 ANSI: 5
[    8.606569] scsi target2:0:1: Beginning Domain Validation
[    8.609917] scsi target2:0:1: Domain Validation skipping write tests
[    8.611921] scsi target2:0:1: Ending Domain Validation
[    8.613821] scsi target2:0:1: asynchronous
[    8.633034] sd 2:0:0:0: Attached scsi generic sg0 type 0
[    8.635676] sd 2:0:1:0: Attached scsi generic sg1 type 0
[    8.636220] sd 2:0:1:0: [sdb] 20480 512-byte logical blocks: (10.5 MB/10.0 MiB)
[    8.636244] sd 2:0:0:0: [sda] 20971520 512-byte logical blocks: (10.7 GB/10.0 GiB)
[    8.636410] sd 2:0:1:0: [sdb] Write Protect is off
[    8.636461] sd 2:0:0:0: [sda] Write Protect is off
[    8.636553] sd 2:0:1:0: [sdb] Incomplete mode parameter data
[    8.636555] sd 2:0:1:0: [sdb] Assuming drive cache: write through
[    8.636623] sd 2:0:0:0: [sda] Incomplete mode parameter data
[    8.636624] sd 2:0:0:0: [sda] Assuming drive cache: write through
[    8.690896]  sda: sda1
[    8.693354] sd 2:0:0:0: [sda] Attached SCSI disk
[    8.704623] sd 2:0:1:0: [sdb] Attached SCSI disk
[    9.090329] e1000 0000:00:08.0 eth1: (PCI:33MHz:32-bit) 08:00:27:3f:f3:58
[    9.092164] e1000 0000:00:08.0 eth1: Intel(R) PRO/1000 Network Connection
[    9.095113] e1000 0000:00:03.0 enp0s3: renamed from eth0
[    9.111998] e1000 0000:00:08.0 enp0s8: renamed from eth1
Begin: Loading essential drivers ... [   10.654786] md: linear personality registered for level -1
[   10.660137] md: multipath personality registered for level -4
[   10.665487] md: raid0 personality registered for level 0
[   10.672466] md: raid1 personality registered for level 1
[   10.743766] raid6: sse2x1   gen()  5910 MB/s
[   10.811767] raid6: sse2x1   xor()  4649 MB/s
[   10.879764] raid6: sse2x2   gen()  7563 MB/s
[   10.947768] raid6: sse2x2   xor()  5055 MB/s
[   11.015739] raid6: sse2x4   gen()  7977 MB/s
[   11.083756] raid6: sse2x4   xor()  4100 MB/s
[   11.151754] raid6: avx2x1   gen() 11193 MB/s
[   11.219780] raid6: avx2x2   gen() 13319 MB/s
[   11.287764] raid6: avx2x4   gen() 15349 MB/s
[   11.289212] raid6: using algorithm avx2x4 gen() 15349 MB/s
[   11.290953] raid6: using avx2x2 recovery algorithm
[   11.294714] xor: automatically using best checksumming function:
[   11.395410]    avx       : 60966.000 MB/sec
[   11.398610] async_tx: api initialized (async)
[   11.414911] md: raid6 personality registered for level 6
[   11.416714] md: raid5 personality registered for level 5
[   11.418426] md: raid4 personality registered for level 4
[   11.430203] md: raid10 personality registered for level 10
done.
Begin: Running /scripts/init-premount ... done.
Begin: Mounting root file system ... Begin: Running /scripts/local-top ... done.
Begin: Running /scripts/local-premount ... [   11.484860] Btrfs loaded
Scanning for Btrfs filesystems
done.
Warning: fsck not present, so skipping root file system
[   11.556024] EXT4-fs (sda1): mounted filesystem with ordered data mode. Opts: (null)
done.
Begin: Running /scripts/local-bottom ... done.
Begin: Running /scripts/init-bottom ... done.
[   12.243567] systemd[1]: systemd 229 running in system mode. (+PAM +AUDIT +SELINUX +IMA +APPARMOR +SMACK +SYSVINIT +UTMP +LIBCRYPTSETUP +GCRYPT +GNUTLS +ACL +XZ -LZ4 +SECCOMP +BLKID +ELFUTILS +KMOD -IDN)
[   12.250342] systemd[1]: Detected virtualization oracle.
[   12.251870] systemd[1]: Detected architecture x86-64.

Welcome to [1mUbuntu 16.04.7 LTS[0m!

[   12.277277] systemd[1]: Set hostname to <ubuntu-xenial>.
[   12.773447] random: nonblocking pool is initialized
[   13.321218] systemd[1]: Reached target User and Group Name Lookups.
[[0;32m  OK  [0m] Reached target User and Group Name Lookups.
[   13.325816] systemd[1]: Set up automount Arbitrary Executable File Formats File System Automount Point.
[[0;32m  OK  [0m] Set up automount Arbitrary Executab...ats File System Automount Point.
[   13.331854] systemd[1]: Created slice User and Session Slice.
[[0;32m  OK  [0m] Created slice User and Session Slice.
[   13.336758] systemd[1]: Listening on Journal Audit Socket.
[[0;32m  OK  [0m] Listening on Journal Audit Socket.
[   13.340303] systemd[1]: Listening on LVM2 metadata daemon socket.
[[0;32m  OK  [0m] Listening on LVM2 metadata daemon socket.
[   13.344221] systemd[1]: Listening on Syslog Socket.
[[0;32m  OK  [0m] Listening on Syslog Socket.
[   13.348929] systemd[1]: Listening on udev Kernel Socket.
[[0;32m  OK  [0m] Listening on udev Kernel Socket.
[   14.089752] systemd[1]: Listening on LVM2 poll daemon socket.
[[0;32m  OK  [0m] Listening on LVM2 poll daemon socket.
[   14.098113] systemd[1]: Reached target Swap.
[[0;32m  OK  [0m] Reached target Swap.
[   14.102889] systemd[1]: Created slice System Slice.
[[0;32m  OK  [0m] Created slice System Slice.
[   14.106005] systemd[1]: Reached target Slices.
[[0;32m  OK  [0m] Reached target Slices.
[   14.109264] systemd[1]: Created slice system-serial\x2dgetty.slice.
[[0;32m  OK  [0m] Created slice system-serial\x2dgetty.slice.
[   14.113064] systemd[1]: Started Forward Password Requests to Wall Directory Watch.
[[0;32m  OK  [0m] Started Forward Password Requests to Wall Directory Watch.
[   14.117720] systemd[1]: Listening on Journal Socket.
[[0;32m  OK  [0m] Listening on Journal Socket.
[   14.132164] systemd[1]: Starting Nameserver information manager...
         Starting Nameserver information manager...
[   14.137605] systemd[1]: Mounting POSIX Message Queue File System...
         Mounting POSIX Message Queue File System...
[   14.143668] systemd[1]: Mounting Huge Pages File System...
         Mounting Huge Pages File System...
[   14.149265] systemd[1]: Mounting Debug File System...
         Mounting Debug File System...
[   14.153377] systemd[1]: Starting Remount Root and Kernel File Systems...
         Starting Remount Root and Kernel File Systems...
[   14.183868] systemd[1]: Listening on Device-mapper event daemon FIFOs.
[[0;32m  OK  [0m] Listening on Device-mapper event daemon FIFOs.
[   14.200641] systemd[1]: Starting Monitoring of LVM2 mirrors, snapshots etc. using dmeventd or progress polling...
         Starting Monitoring of LVM2 mirrors... dmeventd or progress polling...
[   14.206802] systemd[1]: Started Trigger resolvconf update for networkd DNS.
[[0;32m  OK  [0m] Started Trigger resolvconf update for networkd DNS.
[   14.252553] systemd[1]: Starting Load Kernel Modules...
         Starting Load Kernel Modules...
[   14.261720] systemd[1]: Reached target System Time Synchronized.
[[0;32m  OK  [0m] Reached target System Time Synchronized.
[   14.264943] systemd[1]: Listening on /dev/initctl Compatibility Named Pipe.
[[0;32m  OK  [0m] Listening on /dev/initctl Compatibility Named Pipe.
[   14.269062] systemd[1]: Starting Set console keymap...
         Starting Set console keymap...
[   14.272741] systemd[1]: Starting Create list of required static device nodes for the current kernel...
         Starting Create list of required st... nodes for the current kernel...
[   14.276692] systemd[1]: Listening on Journal Socket (/dev/log).
[[0;32m  OK  [0m] Listening on Journal Socket (/dev/log).
[   14.280361] systemd[1]: Starting Journal Service...
         Starting Journal Service...
[   14.283547] systemd[1]: Starting Uncomplicated firewall...
         Starting Uncomplicated firewall...
[   14.287456] EXT4-fs (sda1): re-mounted. Opts: (null)
[   14.289037] systemd[1]: Listening on udev Control Socket.
[[0;32m  OK  [0m] Listening on udev Control Socket.
[   14.291891] systemd[1]: Reached target Encrypted Volumes.
[[0;32m  OK  [0m] Reached target Encrypted Volumes.
[   14.296364] systemd[1]: Mounted Huge Pages File System.
[[0;32m  OK  [0m] Mounted Huge Pages File System.
[   14.299161] systemd[1]: Mounted POSIX Message Queue File System.
[[0;32m  OK  [0m] Mounted POSIX Message Queue File System.
[   14.302311] systemd[1]: Mounted Debug File System.
[[0;32m  OK  [0m] Mounted Debug File System.
[   14.306448] systemd[1]: Started Remount Root and Kernel File Systems.
[[0;32m  OK  [0m] Started Remount Root and Kernel File Systems.
[   14.420183] systemd[1]: Starting udev Coldplug all Devices...
         Starting udev Coldplug all Devices...
[   14.426295] systemd[1]: Starting Load/Save Random Seed...
         Starting Load/Save Random Seed...
[   14.431390] systemd[1]: Started Create list of required static device nodes for the current kernel.
[[0;32m  OK  [0m] Started Create list of required sta...ce nodes for the current kernel.
[   14.438671] systemd[1]: Started Nameserver information manager.
[[0;32m  OK  [0m] Started Nameserver information manager.
[   14.445254] systemd[1]: Started Uncomplicated firewall.
[[0;32m  OK  [0m] Started Uncomplicated firewall.
[   14.450435] systemd[1]: Starting Create Static Device Nodes in /dev...
         Starting Create Static Device Nodes in /dev...
[   14.571239] Loading iSCSI transport class v2.0-870.
[   14.610197] systemd[1]: Started Load/Save Random Seed.
[[0;32m  OK  [0m] Started Load/Save Random Seed.
[   14.660039] systemd[1]: Started LVM2 metadata daemon.
[[0;32m  OK  [0m] Started LVM2 metadata daemon.
[   14.664979] iscsi: registered transport (tcp)
[   14.669991] systemd[1]: Started Set console keymap.
[[0;32m  OK  [0m] Started Set console keymap.
[   14.731863] systemd[1]: Started udev Coldplug all Devices.
[[0;32m  OK  [0m] Started udev Coldplug all Devices.
[   14.791087] systemd[1]: Started Journal Service.
[[0;32m  OK  [0m] Started Journal Service.
         Starting Flush Journal to Persistent Storage...
[   14.883329] systemd-journald[392]: Received request to flush runtime journal from PID 1
[[0;32m  OK  [0m] Started Flush Journal to Persistent Storage.
[   14.974212] iscsi: registered transport (iser)
[[0;32m  OK  [0m] Started Load Kernel Modules.
         Starting Apply Kernel Variables...
         Mounting FUSE Control File System...
[[0;32m  OK  [0m] Mounted FUSE Control File System.
[[0;32m  OK  [0m] Started Create Static Device Nodes in /dev.
         Starting udev Kernel Device Manager...
[[0;32m  OK  [0m] Started Apply Kernel Variables.
[[0;32m  OK  [0m] Started Monitoring of LVM2 mirrors,...ng dmeventd or progress polling.
[[0;32m  OK  [0m] Reached target Local File Systems (Pre).
[[0;32m  OK  [0m] Reached target Local File Systems.
         Starting Set console font and keymap...
         Starting Tell Plymouth To Write Out Runtime Data...
         Starting Initial cloud-init job (pre-networking)...
         Starting LSB: AppArmor initialization...
         Starting Create Volatile Files and Directories...
[[0;32m  OK  [0m] Started Tell Plymouth To Write Out Runtime Data.
[[0;32m  OK  [0m] Started Create Volatile Files and Directories.
         Starting Update UTMP about System Boot/Shutdown...
[[0;32m  OK  [0m] Started udev Kernel Device Manager.
[[0;32m  OK  [0m] Started Update UTMP about System Boot/Shutdown.
[[0;32m  OK  [0m] Started Dispatch Password Requests to Console Directory Watch.
[[0;32m  OK  [0m] Found device /dev/ttyS0.
[[0;32m  OK  [0m] Listening on Load/Save RF Kill Switch Status /dev/rfkill Watch.
[[0;32m  OK  [0m] Started Set console font and keymap.
[[0;32m  OK  [0m] Created slice system-getty.slice.
[[0;32m  OK  [0m] Found device 82540EM Gigabit Ethern...r (PRO/1000 MT Desktop Adapter).
[[0;32m  OK  [0m] Found device 82540EM Gigabit Ethern...r (PRO/1000 MT Desktop Adapter).
[[0;32m  OK  [0m] Started LSB: AppArmor initialization.
         Starting Load AppArmor profiles managed internally by snapd...
[[0;32m  OK  [0m] Started Load AppArmor profiles managed internally by snapd.
[   20.175434] cloud-init[474]: Traceback (most recent call last):
[   20.179534] cloud-init[474]:   File "/usr/bin/cloud-init", line 9, in <module>
[   20.183159] cloud-init[474]:     load_entry_point('cloud-init==20.2', 'console_scripts', 'cloud-init')()
[   20.186605] cloud-init[474]:   File "/usr/local/lib/python3.6/dist-packages/pkg_resources/__init__.py", line 473, in load_entry_point
[   20.190360] cloud-init[474]:     return get_distribution(dist).load_entry_point(group, name)
[   20.192916] cloud-init[474]:   File "/usr/local/lib/python3.6/dist-packages/pkg_resources/__init__.py", line 2843, in load_entry_point
[   20.195838] cloud-init[474]:     return ep.load()
[   20.197504] cloud-init[474]:   File "/usr/local/lib/python3.6/dist-packages/pkg_resources/__init__.py", line 2447, in load
[   20.200824] cloud-init[474]:     return self.resolve()
[   20.202449] cloud-init[474]:   File "/usr/local/lib/python3.6/dist-packages/pkg_resources/__init__.py", line 2453, in resolve
[   20.205279] cloud-init[474]:     module = __import__(self.module_name, fromlist=['__name__'], level=0)
[   20.207668] cloud-init[474]:   File "/usr/lib/python3/dist-packages/cloudinit/cmd/main.py", line 29, in <module>
[   20.210256] cloud-init[474]:     from cloudinit import stages
[   20.211987] cloud-init[474]:   File "/usr/lib/python3/dist-packages/cloudinit/stages.py", line 19, in <module>
[   20.216537] cloud-init[474]:     from cloudinit.handlers.cloud_config import CloudConfigPartHandler
[   20.218967] cloud-init[474]:   File "/usr/lib/python3/dist-packages/cloudinit/handlers/cloud_config.py", line 11, in <module>
[   20.221790] cloud-init[474]:     import jsonpatch
[   20.223316] cloud-init[474]:   File "/usr/lib/python3/dist-packages/jsonpatch.py", line 114, in <module>
[   20.225743] cloud-init[474]:     json.load = get_loadjson()
[   20.227411] cloud-init[474]:   File "/usr/lib/python3/dist-packages/jsonpatch.py", line 108, in get_loadjson
[   20.229914] cloud-init[474]:     argspec = inspect.getargspec(json.load)
[   20.231815] cloud-init[474]:   File "/usr/lib/python3.6/inspect.py", line 1082, in getargspec
[   20.236542] cloud-init[474]:     raise ValueError("Function has keyword-only parameters or annotations"
[   20.238943] cloud-init[474]: ValueError: Function has keyword-only parameters or annotations, use getfullargspec() API which can support them
[[0;1;31mFAILED[0m] Failed to start Initial cloud-init job (pre-networking).
See 'systemctl status cloud-init-local.service' for details.
[[0;32m  OK  [0m] Reached target Network (Pre).
         Starting Raise network interfaces...
[[0;32m  OK  [0m] Started ifup for enp0s3.
[[0;32m  OK  [0m] Started ifup for enp0s8.
[[0;32m  OK  [0m] Started Raise network interfaces.
         Starting Initial cloud-init job (metadata service crawler)...
[[0;32m  OK  [0m] Reached target Network.
[   22.163940] cloud-init[1090]: Traceback (most recent call last):
[   22.166753] cloud-init[1090]:   File "/usr/bin/cloud-init", line 9, in <module>
[   22.169167] cloud-init[1090]:     load_entry_point('cloud-init==20.2', 'console_scripts', 'cloud-init')()
[   22.172100] cloud-init[1090]:   File "/usr/local/lib/python3.6/dist-packages/pkg_resources/__init__.py", line 473, in load_entry_point
[   22.175113] cloud-init[1090]:     return get_distribution(dist).load_entry_point(group, name)
[   22.177466] cloud-init[1090]:   File "/usr/local/lib/python3.6/dist-packages/pkg_resources/__init__.py", line 2843, in load_entry_point
[   22.180005] cloud-init[1090]:     return ep.load()
[   22.181847] cloud-init[1090]:   File "/usr/local/lib/python3.6/dist-packages/pkg_resources/__init__.py", line 2447, in load
[   22.200509] cloud-init[1090]:     return self.resolve()
[   22.202364] cloud-init[1090]:   File "/usr/local/lib/python3.6/dist-packages/pkg_resources/__init__.py", line 2453, in resolve
[   22.205594] cloud-init[1090]:     module = __import__(self.module_name, fromlist=['__name__'], level=0)
[   22.208290] cloud-init[1090]:   File "/usr/lib/python3/dist-packages/cloudinit/cmd/main.py", line 29, in <module>[[0;1;31mFAILED[0m] Failed to start Initial cloud-init job (metadata service crawler).
See 'systemctl status cloud-init.service' for details.
[[0;32m  OK  [0m] Reached target Cloud-config availability.

[   22.216547] cloud-init[1090]:     from cloudinit import stages
[   22.216761] cloud-init[1090]:   File "/usr/lib/python3/dist-packages/cloudinit/stages.py", line 19, in <module>
[   22.217657] cloud-init[1090]:     from cloudinit.handlers.cloud_config import CloudConfigPartHandler
[   22.218260] cloud-init[1090]:   File "/usr/lib/python3/dist-packages/cloudinit/handlers/cloud_config.py", line 11, in <module>
[   22.218868] cloud-init[1090]:     import jsonpatch
[   22.219460] cloud-init[1090]:   File "/usr/lib/python3/dist-packages/jsonpatch.py", line 114, in <module>
[   22.220130] cloud-init[1090]:     json.load = get_loadjson()
[   22.220935] cloud-init[1090]:   File "/usr/lib/python3/dist-packages/jsonpatch.py", line 108, in get_loadjson
[   22.221464] cloud-init[1090]:     argspec = inspect.getargspec(json.load)
[   22.221997] cloud-init[1090]:   File "/usr/lib/python3.6/inspect.py", line 1082, in getargspec
[   22.222528] cloud-init[1090]:     raise ValueError("Function has keyword-only parameters or annotations"
[   22.223063] cloud-init[1090]: ValueError: Function has keyword-only parameters or annotations, use getfullargspec() API which can support them
[[0;32m  OK  [0m] Reached target Network is Online.
         Starting iSCSI initiator daemon (iscsid)...
[[0;32m  OK  [0m] Reached target System Initialization.
[[0;32m  OK  [0m] Started Daily Cleanup of Temporary Directories.
         Starting LXD - unix socket.
         Starting Socket activation for snappy daemon.
[[0;32m  OK  [0m] Listening on UUID daemon activation socket.
[[0;32m  OK  [0m] Started Daily apt download activities.
[[0;32m  OK  [0m] Started Daily apt upgrade and clean activities.
[[0;32m  OK  [0m] Listening on ACPID Listen Socket.
[[0;32m  OK  [0m] Started ACPI Events Check.
[[0;32m  OK  [0m] Reached target Paths.
[[0;32m  OK  [0m] Started Message of the Day.
[[0;32m  OK  [0m] Reached target Timers.
[[0;32m  OK  [0m] Listening on D-Bus System Message Bus Socket.
[[0;32m  OK  [0m] Listening on LXD - unix socket.
[[0;32m  OK  [0m] Listening on Socket activation for snappy daemon.
[[0;32m  OK  [0m] Reached target Sockets.
[[0;32m  OK  [0m] Reached target Basic System.
[[0;32m  OK  [0m] Started Regular background program processing daemon.
         Starting LSB: MD monitoring daemon...
[[0;32m  OK  [0m] Started FUSE filesystem for LXC.
         Starting Virtualbox guest utils...
         Starting Snap Daemon...
         Starting System Logging Service...
         Starting Accounts Service...
[[0;32m  OK  [0m] Started ACPI event daemon.
[[0;32m  OK  [0m] Started D-Bus System Message Bus.
         Starting OpenBSD Secure Shell server...
         Starting LXD - container startup/shutdown...
         Starting Login Service...
         Starting /etc/rc.local Compatibility...
[[0;32m  OK  [0m] Started Deferred execution scheduler.
         Starting LSB: Record successful boot for GRUB...
[[0;32m  OK  [0m] Started System Logging Service.
[[0;32m  OK  [0m] Started iSCSI initiator daemon (iscsid).
[[0;32m  OK  [0m] Started /etc/rc.local Compatibility.
         Starting Login to default iSCSI targets...
[[0;32m  OK  [0m] Started LSB: Record successful boot for GRUB.
[[0;32m  OK  [0m] Started LSB: MD monitoring daemon.
[[0;32m  OK  [0m] Started Login to default iSCSI targets.
[[0;32m  OK  [0m] Reached target Remote File Systems (Pre).
[[0;32m  OK  [0m] Reached target Remote File Systems.
         Starting LSB: Apache2 web server...
         Starting Permit User Sessions...
         Starting LSB: daemon to balance interrupts for SMP systems...
         Starting LSB: automatic crash report generation...
         Starting LSB: Set the CPU Frequency Scaling governor to "ondemand"...
[[0;32m  OK  [0m] Started LSB: Set the CPU Frequency Scaling governor to "ondemand".
[[0;32m  OK  [0m] Started Permit User Sessions.
         Starting Hold until boot process finishes up...
         Starting Terminate Plymouth Boot Screen...
[[0;32m  OK  [0m] Started Hold until boot process finishes up.
[[0;32m  OK  [0m] Started Serial Getty on ttyS0.
[[0;32m  OK  [0m] Started Getty on tty1.
[[0;32m  OK  [0m] Reached target Login Prompts.
         Starting Set console scheme...
[[0;32m  OK  [0m] Started Terminate Plymouth Boot Screen.
[[0;32m  OK  [0m] Started Login Service.
[[0;32m  OK  [0m] Started Unattended Upgrades Shutdown.
[[0;32m  OK  [0m] Started LSB: daemon to balance interrupts for SMP systems.
[[0;32m  OK  [0m] Started LSB: automatic crash report generation.
[[0;32m  OK  [0m] Started Set console scheme.
         Starting Authenticate and Authorize Users to Run Privileged Tasks...
[[0;32m  OK  [0m] Started Virtualbox guest utils.
[[0;32m  OK  [0m] Started OpenBSD Secure Shell server.
[[0;32m  OK  [0m] Started Authenticate and Authorize Users to Run Privileged Tasks.
[[0;32m  OK  [0m] Started Accounts Service.
[[0;32m  OK  [0m] Started Snap Daemon.
         Starting Wait until snapd is fully seeded...
[[0;32m  OK  [0m] Started Wait until snapd is fully seeded.
         Starting Apply the settings specified in cloud-config...
[[0;32m  OK  [0m] Started LXD - container startup/shutdown.
[   26.426407] cloud-init[1394]: Traceback (most recent call last):
[   26.428005] cloud-init[1394]:   File "/usr/bin/cloud-init", line 9, in <module>
[   26.429756] cloud-init[1394]:     load_entry_point('cloud-init==20.2', 'console_scripts', 'cloud-init')()
[   26.431729] cloud-init[1394]:   File "/usr/local/lib/python3.6/dist-packages/pkg_resources/__init__.py", line 473, in load_entry_point
[   26.434167] cloud-init[1394]:     return get_distribution(dist).load_entry_point(group, name)
[   26.435908] cloud-init[1394]:   File "/usr/local/lib/python3.6/dist-packages/pkg_resources/__init__.py", line 2843, in load_entry_point
[   26.438396] cloud-init[1394]:     return ep.load()
[   26.439687] cloud-init[1394]:   File "/usr/local/lib/python3.6/dist-packages/pkg_resources/__init__.py", line 2447, in load
[   26.442019] cloud-init[1394]:     return self.resolve()
[   26.443402] cloud-init[1394]:   File "/usr/local/lib/python3.6/dist-packages/pkg_resources/__init__.py", line 2453, in resolve
[   26.445706] cloud-init[1394]:     module = __import__(self.module_name, fromlist=['__name__'], level=0)
[   26.447719] cloud-init[1394]:   File "/usr/lib/python3/dist-packages/cloudinit/cmd/main.py", line 29, in <module>
[   26.449964] cloud-init[1394]:     from cloudinit import stages
[   26.451459] cloud-init[1394]:   File "/usr/lib/python3/dist-packages/cloudinit/stages.py", line 19, in <module>
[   26.453611] cloud-init[1394]:     from cloudinit.handlers.cloud_config import CloudConfigPartHandler
[   26.455527] cloud-init[1394]:   File "/usr/lib/python3/dist-packages/cloudinit/handlers/cloud_config.py", line 11, in <module>
[   26.457904] cloud-init[1394]:     import jsonpatch
[   26.459163] cloud-init[1394]:   File "/usr/lib/python3/dist-packages/jsonpatch.py", line 114, in <module>
[   26.461180] cloud-init[1394]:     json.load = get_loadjson()
[   26.462623] cloud-init[1394]:   File "/usr/lib/python3/dist-packages/jsonpatch.py", line 108, in get_loadjson
[   26.464761] cloud-init[1394]:     argspec = inspect.getargspec(json.load)
[   26.466354] cloud-init[1394]:   File "/usr/lib/python3.6/inspect.py", line 1082, in getargspec
[   26.468227] cloud-init[1394]:     raise ValueError("Function has keyword-only parameters or annotations"
[   26.470255] cloud-init[1394]: ValueError: Function has keyword-only parameters or annotations, use getfullargspec() API which can support them
[[0;1;31mFAILED[0m] Failed to start Apply the settings specified in cloud-config.
See 'systemctl status cloud-config.service' for details.
[[0;32m  OK  [0m] Started LSB: Apache2 web server.
[[0;32m  OK  [0m] Reached target Multi-User System.
         Starting Execute cloud user/final scripts...
[[0;32m  OK  [0m] Reached target Graphical Interface.
         Starting Update UTMP about System Runlevel Changes...
[[0;32m  OK  [0m] Started Update UTMP about System Runlevel Changes.
[   27.481776] cloud-init[1401]: Traceback (most recent call last):
[   27.483419] cloud-init[1401]:   File "/usr/bin/cloud-init", line 9, in <module>
[   27.485096] cloud-init[1401]:     load_entry_point('cloud-init==20.2', 'console_scripts', 'cloud-init')()
[   27.487066] cloud-init[1401]:   File "/usr/local/lib/python3.6/dist-packages/pkg_resources/__init__.py", line 473, in load_entry_point
[   27.489625] cloud-init[1401]:     return get_distribution(dist).load_entry_point(group, name)
[   27.492280] cloud-init[1401]:   File "/usr/local/lib/python3.6/dist-packages/pkg_resources/__init__.py", line 2843, in load_entry_point
[   27.495919] cloud-init[1401]:     return ep.load()
[   27.497750] cloud-init[1401]:   File "/usr/local/lib/python3.6/dist-packages/pkg_resources/__init__.py", line 2447, in load
[   27.500478] cloud-init[1401]:     return self.resolve()
[   27.502156] cloud-init[1401]:   File "/usr/local/lib/python3.6/dist-packages/pkg_resources/__init__.py", line 2453, in resolve
[   27.504963] cloud-init[1401]:     module = __import__(self.module_name, fromlist=['__name__'], level=0)
[   27.507274] cloud-init[1401]:   File "/usr/lib/python3/dist-packages/cloudinit/cmd/main.py", line 29, in <module>
[   27.509899] cloud-init[1401]:     from cloudinit import stages
[   27.511693] cloud-init[1401]:   File "/usr/lib/python3/dist-packages/cloudinit/stages.py", line 19, in <module>
[   27.514112] cloud-init[1401]:     from cloudinit.handlers.cloud_config import CloudConfigPartHandler
[   27.516526] cloud-init[1401]:   File "/usr/lib/python3/dist-packages/cloudinit/handlers/cloud_config.py", line 11, in <module>
[   27.519288] cloud-init[1401]:     import jsonpatch
[   27.520904] cloud-init[1401]:   File "/usr/lib/python3/dist-packages/jsonpatch.py", line 114, in <module>
[   27.523395] cloud-init[1401]:     json.load = get_loadjson()
[   27.525108] cloud-init[1401]:   File "/usr/lib/python3/dist-packages/jsonpatch.py", line 108, in get_loadjson
[   27.527579] cloud-init[1401]:     argspec = inspect.getargspec(json.load)
[   27.529423] cloud-init[1401]:   File "/usr/lib/python3.6/inspect.py", line 1082, in getargspec
[   27.531561] cloud-init[1401]:     raise ValueError("Function has keyword-only parameters or annotations"
[   27.533989] cloud-init[1401]: ValueError: Function has keyword-only parameters or annotations, use getfullargspec() API which can support them
[[0;1;31mFAILED[0m] Failed to start Execute cloud user/final scripts.
See 'systemctl status cloud-final.service' for details.
[[0;32m  OK  [0m] Reached target Cloud-init target.

Ubuntu 16.04.7 LTS ubuntu-xenial ttyS0

ubuntu-xenial login: 