[    0.000000] Initializing cgroup subsys cpuset
[    0.000000] Initializing cgroup subsys cpu
[    0.000000] Initializing cgroup subsys cpuacct
[    0.000000] Linux version 4.4.0-190-generic (buildd@lcy01-amd64-026) (gcc version 5.4.0 20160609 (Ubuntu 5.4.0-6ubuntu1~16.04.12) ) #220-Ubuntu SMP Fri Aug 28 23:02:15 UTC 2020 (Ubuntu 4.4.0-190.220-generic 4.4.233)
[    0.000000] Command line: BOOT_IMAGE=/boot/vmlinuz-4.4.0-190-generic root=LABEL=cloudimg-rootfs ro console=tty1 console=ttyS0
[    0.000000] KERNEL supported cpus:
[    0.000000]   Intel GenuineIntel
[    0.000000]   AMD AuthenticAMD
[    0.000000]   Centaur CentaurHauls
[    0.000000] [Firmware Bug]: TSC doesn't count with P0 frequency!
[    0.000000] x86/fpu: xstate_offset[2]:  576, xstate_sizes[2]:  256
[    0.000000] x86/fpu: Supporting XSAVE feature 0x01: 'x87 floating point registers'
[    0.000000] x86/fpu: Supporting XSAVE feature 0x02: 'SSE registers'
[    0.000000] x86/fpu: Supporting XSAVE feature 0x04: 'AVX registers'
[    0.000000] x86/fpu: Enabled xstate features 0x7, context size is 832 bytes, using 'standard' format.
[    0.000000] e820: BIOS-provided physical RAM map:
[    0.000000] BIOS-e820: [mem 0x0000000000000000-0x000000000009fbff] usable
[    0.000000] BIOS-e820: [mem 0x000000000009fc00-0x000000000009ffff] reserved
[    0.000000] BIOS-e820: [mem 0x00000000000f0000-0x00000000000fffff] reserved
[    0.000000] BIOS-e820: [mem 0x0000000000100000-0x000000007ffeffff] usable
[    0.000000] BIOS-e820: [mem 0x000000007fff0000-0x000000007fffffff] ACPI data
[    0.000000] BIOS-e820: [mem 0x00000000fec00000-0x00000000fec00fff] reserved
[    0.000000] BIOS-e820: [mem 0x00000000fee00000-0x00000000fee00fff] reserved
[    0.000000] BIOS-e820: [mem 0x00000000fffc0000-0x00000000ffffffff] reserved
[    0.000000] NX (Execute Disable) protection: active
[    0.000000] SMBIOS 2.5 present.
[    0.000000] Hypervisor detected: KVM
[    0.000000] Kernel/User page tables isolation: disabled
[    0.000000] e820: last_pfn = 0x7fff0 max_arch_pfn = 0x400000000
[    0.000000] MTRR: Disabled
[    0.000000] x86/PAT: MTRRs disabled, skipping PAT initialization too.
[    0.000000] CPU MTRRs all blank - virtualized system.
[    0.000000] x86/PAT: Configuration [0-7]: WB  WT  UC- UC  WB  WT  UC- UC  
[    0.000000] found SMP MP-table at [mem 0x0009fff0-0x0009ffff] mapped at [ffff88000009fff0]
[    0.000000] Scanning 1 areas for low memory corruption
[    0.000000] RAMDISK: [mem 0x362de000-0x37166fff]
[    0.000000] ACPI: Early table checksum verification disabled
[    0.000000] ACPI: RSDP 0x00000000000E0000 000024 (v02 VBOX  )
[    0.000000] ACPI: XSDT 0x000000007FFF0030 00003C (v01 VBOX   VBOXXSDT 00000001 ASL  00000061)
[    0.000000] ACPI: FACP 0x000000007FFF00F0 0000F4 (v04 VBOX   VBOXFACP 00000001 ASL  00000061)
[    0.000000] ACPI: DSDT 0x000000007FFF0470 002325 (v02 VBOX   VBOXBIOS 00000002 INTL 20190509)
[    0.000000] ACPI: FACS 0x000000007FFF0200 000040
[    0.000000] ACPI: FACS 0x000000007FFF0200 000040
[    0.000000] ACPI: APIC 0x000000007FFF0240 00005C (v02 VBOX   VBOXAPIC 00000001 ASL  00000061)
[    0.000000] ACPI: SSDT 0x000000007FFF02A0 0001CC (v01 VBOX   VBOXCPUT 00000002 INTL 20190509)
[    0.000000] No NUMA configuration found
[    0.000000] Faking a node at [mem 0x0000000000000000-0x000000007ffeffff]
[    0.000000] NODE_DATA(0) allocated [mem 0x7ffeb000-0x7ffeffff]
[    0.000000] kvm-clock: Using msrs 4b564d01 and 4b564d00
[    0.000000] kvm-clock: cpu 0, msr 0:7ffe3001, primary cpu clock
[    0.000000] kvm-clock: using sched offset of 3274770498 cycles
[    0.000000] clocksource: kvm-clock: mask: 0xffffffffffffffff max_cycles: 0x1cd42e4dffb, max_idle_ns: 881590591483 ns
[    0.000000] Zone ranges:
[    0.000000]   DMA      [mem 0x0000000000001000-0x0000000000ffffff]
[    0.000000]   DMA32    [mem 0x0000000001000000-0x000000007ffeffff]
[    0.000000]   Normal   empty
[    0.000000]   Device   empty
[    0.000000] Movable zone start for each node
[    0.000000] Early memory node ranges
[    0.000000]   node   0: [mem 0x0000000000001000-0x000000000009efff]
[    0.000000]   node   0: [mem 0x0000000000100000-0x000000007ffeffff]
[    0.000000] Initmem setup node 0 [mem 0x0000000000001000-0x000000007ffeffff]
[    0.000000] ACPI: PM-Timer IO Port: 0x4008
[    0.000000] IOAPIC[0]: apic_id 2, version 32, address 0xfec00000, GSI 0-23
[    0.000000] ACPI: INT_SRC_OVR (bus 0 bus_irq 0 global_irq 2 dfl dfl)
[    0.000000] ACPI: INT_SRC_OVR (bus 0 bus_irq 9 global_irq 9 low level)
[    0.000000] Using ACPI (MADT) for SMP configuration information
[    0.000000] smpboot: Allowing 2 CPUs, 0 hotplug CPUs
[    0.000000] PM: Registered nosave memory: [mem 0x00000000-0x00000fff]
[    0.000000] PM: Registered nosave memory: [mem 0x0009f000-0x0009ffff]
[    0.000000] PM: Registered nosave memory: [mem 0x000a0000-0x000effff]
[    0.000000] PM: Registered nosave memory: [mem 0x000f0000-0x000fffff]
[    0.000000] e820: [mem 0x80000000-0xfebfffff] available for PCI devices
[    0.000000] Booting paravirtualized kernel on KVM
[    0.000000] clocksource: refined-jiffies: mask: 0xffffffff max_cycles: 0xffffffff, max_idle_ns: 7645519600211568 ns
[    0.000000] setup_percpu: NR_CPUS:512 nr_cpumask_bits:512 nr_cpu_ids:2 nr_node_ids:1
[    0.000000] PERCPU: Embedded 33 pages/cpu @ffff88007fc00000 s95512 r8192 d31464 u1048576
[    0.000000] Built 1 zonelists in Node order, mobility grouping on.  Total pages: 515960
[    0.000000] Policy zone: DMA32
[    0.000000] Kernel command line: BOOT_IMAGE=/boot/vmlinuz-4.4.0-190-generic root=LABEL=cloudimg-rootfs ro console=tty1 console=ttyS0
[    0.000000] PID hash table entries: 4096 (order: 3, 32768 bytes)
[    0.000000] Memory: 2029852K/2096696K available (8636K kernel code, 1337K rwdata, 4040K rodata, 1492K init, 1296K bss, 66844K reserved, 0K cma-reserved)
[    0.000000] SLUB: HWalign=64, Order=0-3, MinObjects=0, CPUs=2, Nodes=1
[    0.000000] Hierarchical RCU implementation.
[    0.000000] 	Build-time adjustment of leaf fanout to 64.
[    0.000000] 	RCU restricting CPUs from NR_CPUS=512 to nr_cpu_ids=2.
[    0.000000] RCU: Adjusting geometry for rcu_fanout_leaf=64, nr_cpu_ids=2
[    0.000000] NR_IRQS:33024 nr_irqs:440 16
[    0.000000] Console: colour VGA+ 80x25
[    0.000000] console [tty1] enabled
[    0.000000] console [ttyS0] enabled
[    0.000000] tsc: Detected 1996.249 MHz processor
[    0.138411] Calibrating delay loop (skipped) preset value.. 3992.49 BogoMIPS (lpj=7984996)
[    0.139923] pid_max: default: 32768 minimum: 301
[    0.140892] ACPI: Core revision 20150930
[    0.142757] ACPI: 2 ACPI AML tables successfully acquired and loaded
[    0.144036] Security Framework initialized
[    0.144812] Yama: becoming mindful.
[    0.145564] AppArmor: AppArmor initialized
[    0.147181] Dentry cache hash table entries: 262144 (order: 9, 2097152 bytes)
[    0.148913] Inode-cache hash table entries: 131072 (order: 8, 1048576 bytes)
[    0.150419] Mount-cache hash table entries: 4096 (order: 3, 32768 bytes)
[    0.151558] Mountpoint-cache hash table entries: 4096 (order: 3, 32768 bytes)
[    0.153569] Initializing cgroup subsys io
[    0.154328] Initializing cgroup subsys memory
[    0.155084] Initializing cgroup subsys devices
[    0.155811] Initializing cgroup subsys freezer
[    0.156604] Initializing cgroup subsys net_cls
[    0.157321] Initializing cgroup subsys perf_event
[    0.158102] Initializing cgroup subsys net_prio
[    0.158913] Initializing cgroup subsys hugetlb
[    0.159710] Initializing cgroup subsys pids
[    0.168698] mce: CPU supports 0 MCE banks
[    0.169498] Last level iTLB entries: 4KB 1024, 2MB 1024, 4MB 512
[    0.170472] Last level dTLB entries: 4KB 2048, 2MB 2048, 4MB 1024, 1GB 0
[    0.171496] Spectre V1 : Mitigation: usercopy/swapgs barriers and __user pointer sanitization
[    0.172787] Spectre V2 : Spectre mitigation: LFENCE not serializing, switching to generic retpoline
[    0.174141] Spectre V2 : Mitigation: Full generic retpoline
[    0.175154] Spectre V2 : Spectre v2 / SpectreRSB mitigation: Filling RSB on context switch
[    0.176593] Speculative Store Bypass: Mitigation: Speculative Store Bypass disabled via prctl and seccomp
[    0.180578] Freeing SMP alternatives memory: 36K
[    0.187253] ftrace: allocating 32339 entries in 127 pages
[    0.250777] smpboot: APIC(0) Converting physical 0 to logical package 0
[    0.252072] smpboot: Max logical packages: 1
[    0.253138] x2apic enabled
[    0.253991] Switched APIC routing to physical x2apic.
[    0.256077] ..TIMER: vector=0x30 apic1=0 pin1=2 apic2=-1 pin2=-1
[    0.365270] smpboot: CPU0: AMD Ryzen 7 4700U with Radeon Graphics (family: 0x17, model: 0x60, stepping: 0x1)
[    0.367114] Performance Events: Broken PMU hardware detected, using software events only.
[    0.368551] Failed to access perfctr msr (MSR c0010007 is 0)
[    0.376383] KVM setup paravirtual spinlock
[    0.378094] x86: Booting SMP configuration:
[    0.378871] .... node  #0, CPUs:      #1
[    0.379931] kvm-clock: cpu 1, msr 0:7ffe3041, secondary cpu clock
[    0.389542] mce: CPU supports 0 MCE banks
[    0.392180] x86: Booted up 1 node, 2 CPUs
[    0.393220] smpboot: Total of 2 processors activated (7984.99 BogoMIPS)
[    0.394937] devtmpfs: initialized
[    0.397976] evm: security.selinux
[    0.398816] evm: security.SMACK64
[    0.399541] evm: security.SMACK64EXEC
[    0.400271] evm: security.SMACK64TRANSMUTE
[    0.401069] evm: security.SMACK64MMAP
[    0.401829] evm: security.ima
[    0.402567] evm: security.capability
[    0.403587] clocksource: jiffies: mask: 0xffffffff max_cycles: 0xffffffff, max_idle_ns: 7645041785100000 ns
[    0.405418] futex hash table entries: 512 (order: 3, 32768 bytes)
[    0.406703] pinctrl core: initialized pinctrl subsystem
[    0.407885] RTC time: 17:38:40, date: 10/16/20
[    0.409009] NET: Registered protocol family 16
[    0.416264] cpuidle: using governor ladder
[    0.424649] cpuidle: using governor menu
[    0.425851] PCCT header not found.
[    0.427449] ACPI: bus type PCI registered
[    0.428620] acpiphp: ACPI Hot Plug PCI Controller Driver version: 0.5
[    0.430530] PCI: Using configuration type 1 for base access
[    0.431808] PCI: Using configuration type 1 for extended access
[    0.442668] ACPI: Added _OSI(Module Device)
[    0.443837] ACPI: Added _OSI(Processor Device)
[    0.445092] ACPI: Added _OSI(3.0 _SCP Extensions)
[    0.446346] ACPI: Added _OSI(Processor Aggregator Device)
[    0.448399] ACPI: Executed 1 blocks of module-level executable AML code
[    0.452951] ACPI: Interpreter enabled
[    0.453981] ACPI: (supports S0 S5)
[    0.454925] ACPI: Using IOAPIC for interrupt routing
[    0.456377] PCI: Using host bridge windows from ACPI; if necessary, use "pci=nocrs" and report a bug
[    0.461656] ACPI: PCI Root Bridge [PCI0] (domain 0000 [bus 00-ff])
[    0.462723] acpi PNP0A03:00: _OSC: OS supports [ExtendedConfig ASPM ClockPM Segments MSI]
[    0.464628] acpi PNP0A03:00: _OSC: platform does not support [PCIeCapability]
[    0.466082] acpi PNP0A03:00: _OSC: not requesting control; platform does not support [PCIeCapability]
[    0.467658] acpi PNP0A03:00: _OSC: OS requested [PCIeHotplug PME AER PCIeCapability]
[    0.469026] acpi PNP0A03:00: _OSC: platform willing to grant [PCIeHotplug PME AER]
[    0.470424] acpi PNP0A03:00: _OSC failed (AE_SUPPORT); disabling ASPM
[    0.471756] PCI host bridge to bus 0000:00
[    0.472604] pci_bus 0000:00: root bus resource [io  0x0000-0x0cf7 window]
[    0.482036] pci_bus 0000:00: root bus resource [io  0x0d00-0xffff window]
[    0.483263] pci_bus 0000:00: root bus resource [mem 0x000a0000-0x000bffff window]
[    0.484752] pci_bus 0000:00: root bus resource [mem 0x80000000-0xfdffffff window]
[    0.486289] pci_bus 0000:00: root bus resource [bus 00-ff]
[    0.488613] pci 0000:00:01.1: legacy IDE quirk: reg 0x10: [io  0x01f0-0x01f7]
[    0.489875] pci 0000:00:01.1: legacy IDE quirk: reg 0x14: [io  0x03f6]
[    0.491066] pci 0000:00:01.1: legacy IDE quirk: reg 0x18: [io  0x0170-0x0177]
[    0.492388] pci 0000:00:01.1: legacy IDE quirk: reg 0x1c: [io  0x0376]
[    0.523317] pci 0000:00:07.0: quirk: [io  0x4000-0x403f] claimed by PIIX4 ACPI
[    0.525663] pci 0000:00:07.0: quirk: [io  0x4100-0x410f] claimed by PIIX4 SMB
[    0.547880] ACPI: PCI Interrupt Link [LNKA] (IRQs 5 9 10 *11)
[    0.551114] ACPI: PCI Interrupt Link [LNKB] (IRQs 5 9 *10 11)
[    0.554257] ACPI: PCI Interrupt Link [LNKC] (IRQs 5 *9 10 11)
[    0.555890] ACPI: PCI Interrupt Link [LNKD] (IRQs 5 9 10 *11)
[    0.557286] ACPI: Enabled 2 GPEs in block 00 to 07
[    0.558699] vgaarb: setting as boot device: PCI:0000:00:02.0
[    0.559805] vgaarb: device added: PCI:0000:00:02.0,decodes=io+mem,owns=io+mem,locks=none
[    0.561287] vgaarb: loaded
[    0.561927] vgaarb: bridge control possible 0000:00:02.0
[    0.563135] SCSI subsystem initialized
[    0.564153] ACPI: bus type USB registered
[    0.565046] usbcore: registered new interface driver usbfs
[    0.565996] usbcore: registered new interface driver hub
[    0.566927] usbcore: registered new device driver usb
[    0.568008] PCI: Using ACPI for IRQ routing
[    0.569006] NetLabel: Initializing
[    0.569681] NetLabel:  domain hash size = 128
[    0.570594] NetLabel:  protocols = UNLABELED CIPSOv4
[    0.571564] NetLabel:  unlabeled traffic allowed by default
[    0.572758] amd_nb: Cannot enumerate AMD northbridges
[    0.573735] clocksource: Switched to clocksource kvm-clock
[    0.582072] AppArmor: AppArmor Filesystem Enabled
[    0.583137] pnp: PnP ACPI init
[    0.584535] pnp: PnP ACPI: found 3 devices
[    0.594634] clocksource: acpi_pm: mask: 0xffffff max_cycles: 0xffffff, max_idle_ns: 2085701024 ns
[    0.596464] NET: Registered protocol family 2
[    0.597521] TCP established hash table entries: 16384 (order: 5, 131072 bytes)
[    0.598927] TCP bind hash table entries: 16384 (order: 6, 262144 bytes)
[    0.600057] TCP: Hash tables configured (established 16384 bind 16384)
[    0.601302] UDP hash table entries: 1024 (order: 3, 32768 bytes)
[    0.602437] UDP-Lite hash table entries: 1024 (order: 3, 32768 bytes)
[    0.603584] NET: Registered protocol family 1
[    0.604472] pci 0000:00:00.0: Limiting direct PCI/PCI transfers
[    0.605515] pci 0000:00:01.0: Activating ISA DMA hang workarounds
[    0.606731] Unpacking initramfs...
[    0.894536] Freeing initrd memory: 14884K
[    0.895513] clocksource: tsc: mask: 0xffffffffffffffff max_cycles: 0x398cadd9d93, max_idle_ns: 881590552906 ns
[    0.897289] platform rtc_cmos: registered platform RTC device (no PNP device found)
[    0.898859] Scanning for low memory corruption every 60 seconds
[    0.900592] audit: initializing netlink subsys (disabled)
[    0.902172] audit: type=2000 audit(1602869926.115:1): initialized
[    0.904414] Initialise system trusted keyring
[    0.905998] HugeTLB registered 2 MB page size, pre-allocated 0 pages
[    0.908340] zbud: loaded
[    0.909642] VFS: Disk quotas dquot_6.6.0
[    0.910968] VFS: Dquot-cache hash table entries: 512 (order 0, 4096 bytes)
[    0.912839] squashfs: version 4.0 (2009/01/31) Phillip Lougher
[    0.914708] fuse init (API version 7.23)
[    0.916187] Key type big_key registered
[    0.917332] Allocating IMA MOK and blacklist keyrings.
[    0.920197] Key type asymmetric registered
[    0.921323] Asymmetric key parser 'x509' registered
[    0.922559] Block layer SCSI generic (bsg) driver version 0.4 loaded (major 249)
[    0.924165] io scheduler noop registered
[    0.924927] io scheduler deadline registered (default)
[    0.925891] io scheduler cfq registered
[    0.926718] pci_hotplug: PCI Hot Plug PCI Core version: 0.5
[    0.927679] pciehp: PCI Express Hot Plug Controller Driver version: 0.4
[    0.928910] ACPI: AC Adapter [AC] (off-line)
[    0.929782] input: Power Button as /devices/LNXSYSTM:00/LNXPWRBN:00/input/input0
[    0.931199] ACPI: Power Button [PWRF]
[    0.931986] input: Sleep Button as /devices/LNXSYSTM:00/LNXSLPBN:00/input/input1
[    0.933385] ACPI: Sleep Button [SLPF]
[    0.934906] ACPI: Battery Slot [BAT0] (battery present)
[    0.935895] GHES: HEST is not enabled!
[    0.936863] Serial: 8250/16550 driver, 32 ports, IRQ sharing enabled
[    0.958599] 00:02: ttyS0 at I/O 0x3f8 (irq = 4, base_baud = 115200) is a 16550A
[    0.962399] Linux agpgart interface v0.103
[    0.965011] loop: module loaded
[    0.966383] scsi host0: ata_piix
[    0.967768] scsi host1: ata_piix
[    0.969051] ata1: PATA max UDMA/33 cmd 0x1f0 ctl 0x3f6 bmdma 0xd000 irq 14
[    0.971124] ata2: PATA max UDMA/33 cmd 0x170 ctl 0x376 bmdma 0xd008 irq 15
[    0.973956] libphy: Fixed MDIO Bus: probed
[    0.974997] tun: Universal TUN/TAP device driver, 1.6
[    0.976044] tun: (C) 1999-2004 Max Krasnyansky <maxk@qualcomm.com>
[    0.977337] PPP generic driver version 2.4.2
[    0.978441] ehci_hcd: USB 2.0 'Enhanced' Host Controller (EHCI) Driver
[    0.979696] ehci-pci: EHCI PCI platform driver
[    0.980636] ehci-platform: EHCI generic platform driver
[    0.981717] ohci_hcd: USB 1.1 'Open' Host Controller (OHCI) Driver
[    0.982807] ohci-pci: OHCI PCI platform driver
[    0.983636] ohci-platform: OHCI generic platform driver
[    0.984617] uhci_hcd: USB Universal Host Controller Interface driver
[    0.985793] i8042: PNP: PS/2 Controller [PNP0303:PS2K,PNP0f03:PS2M] at 0x60,0x64 irq 1,12
[    0.987857] serio: i8042 KBD port at 0x60,0x64 irq 1
[    0.988752] serio: i8042 AUX port at 0x60,0x64 irq 12
[    0.989906] mousedev: PS/2 mouse device common for all mice
[    0.991435] rtc_cmos rtc_cmos: rtc core: registered rtc_cmos as rtc0
[    0.992556] input: AT Translated Set 2 keyboard as /devices/platform/i8042/serio0/input/input2
[    0.994266] rtc_cmos rtc_cmos: alarms up to one day, 114 bytes nvram
[    0.995425] i2c /dev entries driver
[    0.996182] device-mapper: uevent: version 1.0.3
[    0.997209] device-mapper: ioctl: 4.34.0-ioctl (2015-10-28) initialised: dm-devel@redhat.com
[    0.998818] ledtrig-cpu: registered to indicate activity on CPUs
[    1.000564] NET: Registered protocol family 10
[    1.002306] NET: Registered protocol family 17
[    1.003641] Key type dns_resolver registered
[    1.005471] registered taskstats version 1
[    1.006769] Loading compiled-in X.509 certificates
[    1.009365] Loaded X.509 cert 'Build time autogenerated kernel key: b89e9ea735e1dbde81c7786f041ecf1d53e71c2e'
[    1.011402] zswap: loaded using pool lzo/zbud
[    1.014931] Key type trusted registered
[    1.020651] Key type encrypted registered
[    1.021939] AppArmor: AppArmor sha1 policy hashing enabled
[    1.023464] ima: No TPM chip found, activating TPM-bypass!
[    1.024977] ima: Allocated hash algorithm: sha1
[    1.026360] evm: HMAC attrs: 0x1
[    1.027719]   Magic number: 8:611:643
[    1.028688] rtc_cmos rtc_cmos: setting system clock to 2020-10-16 17:38:41 UTC (1602869921)
[    1.030449] BIOS EDD facility v0.16 2004-Jun-25, 0 devices found
[    1.031966] EDD information not available.
[    1.158475] Freeing unused kernel memory: 1492K
[    1.159946] Write protecting the kernel read-only data: 14336k
[    1.162593] Freeing unused kernel memory: 1592K
[    1.164426] Freeing unused kernel memory: 56K
Loading, please wait...
starting version 229
[    1.183179] random: systemd-udevd: uninitialized urandom read (16 bytes read, 3 bits of entropy available)
[    1.183800] random: udevadm: uninitialized urandom read (16 bytes read, 3 bits of entropy available)
[    1.183833] random: udevadm: uninitialized urandom read (16 bytes read, 3 bits of entropy available)
[    1.193920] random: udevadm: uninitialized urandom read (16 bytes read, 3 bits of entropy available)
[    1.193982] random: udevadm: uninitialized urandom read (16 bytes read, 3 bits of entropy available)
[    1.194143] random: udevadm: uninitialized urandom read (16 bytes read, 3 bits of entropy available)
[    1.194205] random: udevadm: uninitialized urandom read (16 bytes read, 3 bits of entropy available)
[    1.194266] random: udevadm: uninitialized urandom read (16 bytes read, 3 bits of entropy available)
[    1.194328] random: udevadm: uninitialized urandom read (16 bytes read, 3 bits of entropy available)
[    1.194390] random: udevadm: uninitialized urandom read (16 bytes read, 3 bits of entropy available)
[    1.249034] e1000: Intel(R) PRO/1000 Network Driver - version 7.3.21-k8-NAPI
[    1.250497] e1000: Copyright (c) 1999-2006 Intel Corporation.
[    1.257197] Fusion MPT base driver 3.04.20
[    1.258156] Copyright (c) 1999-2008 LSI Corporation
[    1.263747] Fusion MPT SPI Host driver 3.04.20
[    1.284322] AVX2 version of gcm_enc/dec engaged.
[    1.285416] AES CTR mode by8 optimization enabled
[    1.487626] input: ImExPS/2 Generic Explorer Mouse as /devices/platform/i8042/serio1/input/input4
[    1.598789] e1000 0000:00:03.0 eth0: (PCI:33MHz:32-bit) 02:b3:05:6c:a8:f5
[    1.600788] e1000 0000:00:03.0 eth0: Intel(R) PRO/1000 Network Connection
[    1.945235] e1000 0000:00:08.0 eth1: (PCI:33MHz:32-bit) 08:00:27:05:de:18
[    1.946807] e1000 0000:00:08.0 eth1: Intel(R) PRO/1000 Network Connection
[    1.949261] mptbase: ioc0: Initiating bringup
[    1.949388] e1000 0000:00:03.0 enp0s3: renamed from eth0
[    1.962271] e1000 0000:00:08.0 enp0s8: renamed from eth1
[    2.621933] ioc0: LSI53C1030 A0: Capabilities={Initiator}
[    3.713516] scsi host2: ioc0: LSI53C1030 A0, FwRev=00000000h, Ports=1, MaxQ=256, IRQ=20
[    3.834531] scsi 2:0:0:0: Direct-Access     VBOX     HARDDISK         1.0  PQ: 0 ANSI: 5
[    3.837596] scsi target2:0:0: Beginning Domain Validation
[    3.840725] scsi target2:0:0: Domain Validation skipping write tests
[    3.842316] scsi target2:0:0: Ending Domain Validation
[    3.843688] scsi target2:0:0: asynchronous
[    3.845141] scsi 2:0:1:0: Direct-Access     VBOX     HARDDISK         1.0  PQ: 0 ANSI: 5
[    3.847179] scsi target2:0:1: Beginning Domain Validation
[    3.849664] scsi target2:0:1: Domain Validation skipping write tests
[    3.850825] scsi target2:0:1: Ending Domain Validation
[    3.851992] scsi target2:0:1: asynchronous
[    3.858395] sd 2:0:0:0: Attached scsi generic sg0 type 0
[    3.858759] sd 2:0:0:0: [sda] 20971520 512-byte logical blocks: (10.7 GB/10.0 GiB)
[    3.858949] sd 2:0:0:0: [sda] Write Protect is off
[    3.859048] sd 2:0:0:0: [sda] Incomplete mode parameter data
[    3.859050] sd 2:0:0:0: [sda] Assuming drive cache: write through
[    3.864473]  sda: sda1
[    3.865176] sd 2:0:0:0: [sda] Attached SCSI disk
[    3.869336] sd 2:0:1:0: Attached scsi generic sg1 type 0
[    3.869587] sd 2:0:1:0: [sdb] 20480 512-byte logical blocks: (10.5 MB/10.0 MiB)
[    3.870013] sd 2:0:1:0: [sdb] Write Protect is off
[    3.870260] sd 2:0:1:0: [sdb] Incomplete mode parameter data
[    3.870263] sd 2:0:1:0: [sdb] Assuming drive cache: write through
[    3.873131] sd 2:0:1:0: [sdb] Attached SCSI disk
Begin: Loading essential drivers ... [    5.258041] md: linear personality registered for level -1
[    5.263030] md: multipath personality registered for level -4
[    5.267387] md: raid0 personality registered for level 0
[    5.273407] md: raid1 personality registered for level 1
[    5.345812] raid6: sse2x1   gen()  4938 MB/s
[    5.413809] raid6: sse2x1   xor()  5245 MB/s
[    5.481799] raid6: sse2x2   gen() 10778 MB/s
[    5.549856] raid6: sse2x2   xor()  7103 MB/s
[    5.617845] raid6: sse2x4   gen() 11449 MB/s
[    5.685905] raid6: sse2x4   xor()  6847 MB/s
[    5.753869] raid6: avx2x1   gen() 12657 MB/s
[    5.821809] raid6: avx2x2   gen() 22076 MB/s
[    5.889871] raid6: avx2x4   gen() 21787 MB/s
[    5.890800] raid6: using algorithm avx2x2 gen() 22076 MB/s
[    5.891918] raid6: using avx2x2 recovery algorithm
[    5.894202] xor: automatically using best checksumming function:
[    5.933853]    avx       :  9783.000 MB/sec
[    5.937440] async_tx: api initialized (async)
[    5.950353] md: raid6 personality registered for level 6
[    5.951437] md: raid5 personality registered for level 5
[    5.952527] md: raid4 personality registered for level 4
[    5.961187] md: raid10 personality registered for level 10
done.
Begin: Running /scripts/init-premount ... done.
Begin: Mounting root file system ... Begin: Running /scripts/local-top ... done.
Begin: Running /scripts/local-premount ... [    6.002073] Btrfs loaded
Scanning for Btrfs filesystems
done.
Warning: fsck not present, so skipping root file system
[    6.042039] EXT4-fs (sda1): mounted filesystem with ordered data mode. Opts: (null)
done.
Begin: Running /scripts/local-bottom ... done.
Begin: Running /scripts/init-bottom ... done.
[    6.157766] systemd[1]: systemd 229 running in system mode. (+PAM +AUDIT +SELINUX +IMA +APPARMOR +SMACK +SYSVINIT +UTMP +LIBCRYPTSETUP +GCRYPT +GNUTLS +ACL +XZ -LZ4 +SECCOMP +BLKID +ELFUTILS +KMOD -IDN)
[    6.161337] systemd[1]: Detected virtualization oracle.
[    6.162454] systemd[1]: Detected architecture x86-64.

Welcome to [1mUbuntu 16.04.7 LTS[0m!

[    6.166298] systemd[1]: Set hostname to <ubuntu-xenial>.
[    6.294538] systemd[1]: Reached target Encrypted Volumes.
[[0;32m  OK  [0m] Reached target Encrypted Volumes.
[    6.297422] systemd[1]: Set up automount Arbitrary Executable File Formats File System Automount Point.
[[0;32m  OK  [0m] Set up automount Arbitrary Executab...ats File System Automount Point.
[    6.300253] systemd[1]: Listening on Device-mapper event daemon FIFOs.
[[0;32m  OK  [0m] Listening on Device-mapper event daemon FIFOs.
[    6.302131] systemd[1]: Listening on LVM2 metadata daemon socket.
[[0;32m  OK  [0m] Listening on LVM2 metadata daemon socket.
[    6.303778] systemd[1]: Listening on /dev/initctl Compatibility Named Pipe.
[[0;32m  OK  [0m] Listening on /dev/initctl Compatibility Named Pipe.
[    6.305954] systemd[1]: Created slice User and Session Slice.
[[0;32m  OK  [0m] Created slice User and Session Slice.
[    6.307867] systemd[1]: Started Trigger resolvconf update for networkd DNS.
[[0;32m  OK  [0m] Started Trigger resolvconf update for networkd DNS.
[    6.310033] systemd[1]: Listening on Journal Socket.
[[0;32m  OK  [0m] Listening on Journal Socket.
[    6.318187] systemd[1]: Listening on udev Control Socket.
[[0;32m  OK  [0m] Listening on udev Control Socket.
[    6.319735] systemd[1]: Listening on LVM2 poll daemon socket.
[[0;32m  OK  [0m] Listening on LVM2 poll daemon socket.
[    6.321251] systemd[1]: Reached target System Time Synchronized.
[[0;32m  OK  [0m] Reached target System Time Synchronized.
[    6.322918] systemd[1]: Listening on Syslog Socket.
[[0;32m  OK  [0m] Listening on Syslog Socket.
[    6.324414] systemd[1]: Started Forward Password Requests to Wall Directory Watch.
[[0;32m  OK  [0m] Started Forward Password Requests to Wall Directory Watch.
[    6.326634] systemd[1]: Reached target Swap.
[[0;32m  OK  [0m] Reached target Swap.
[    6.328741] systemd[1]: Listening on Journal Socket (/dev/log).
[[0;32m  OK  [0m] Listening on Journal Socket (/dev/log).
[    6.331407] systemd[1]: Listening on udev Kernel Socket.
[[0;32m  OK  [0m] Listening on udev Kernel Socket.
[    6.333640] systemd[1]: Reached target User and Group Name Lookups.
[[0;32m  OK  [0m] Reached target User and Group Name Lookups.
[    6.335577] systemd[1]: Listening on Journal Audit Socket.
[[0;32m  OK  [0m] Listening on Journal Audit Socket.
[    6.337485] systemd[1]: Created slice System Slice.
[[0;32m  OK  [0m] Created slice System Slice.
[    6.339947] systemd[1]: Created slice system-serial\x2dgetty.slice.
[[0;32m  OK  [0m] Created slice system-serial\x2dgetty.slice.
[    6.354106] systemd[1]: Starting Remount Root and Kernel File Systems...
         Starting Remount Root and Kernel File Systems...
[    6.360916] systemd[1]: Starting Load Kernel Modules...
         Starting Load Kernel Modules...
[    6.364300] systemd[1]: Starting Monitoring of LVM2 mirrors, snapshots etc. using dmeventd or progress polling...
         Starting Monitoring of LVM2 mirrors... dmeventd or progress polling...
[    6.369212] systemd[1]: Starting Uncomplicated firewall...
         Starting Uncomplicated firewall...
[    6.371628] systemd[1]: Reached target Slices.
[    6.372827] EXT4-fs (sda1): re-mounted. Opts: (null)
[[0;32m  OK  [0m] Reached target Slices.
[    6.376412] Loading iSCSI transport class v2.0-870.
[    6.376457] systemd[1]: Mounting Debug File System...
         Mounting Debug File System...
[    6.379634] systemd[1]: Starting Create list of required static device nodes for the current kernel...
         Starting Create list of required st... nodes for the current kernel...
[    6.382800] systemd[1]: Starting Set console keymap...
         Starting Set console keymap...
[    6.386221] systemd[1]: Mounting Huge Pages File System...
         Mounting Huge Pages File System...
[    6.388568] systemd[1]: Starting Journal Service...
         Starting Journal Service...
[    6.392697] iscsi: registered transport (tcp)
[    6.392856] systemd[1]: Starting Nameserver information manager...
         Starting Nameserver information manager...
[    6.396063] systemd[1]: Mounting POSIX Message Queue File System...
         Mounting POSIX Message Queue File System...
[    6.399542] systemd[1]: Mounted POSIX Message Queue File System.
[[0;32m  OK  [0m] Mounted POSIX Message Queue File System.
[    6.401577] systemd[1]: Mounted Huge Pages File System.
[[0;32m  OK  [0m] Mounted Huge Pages File System.
[    6.403795] systemd[1]: Mounted Debug File System.
[[0;32m  OK  [0m] Mounted Debug File System.
[    6.406870] systemd[1]: Started Remount Root and Kernel File Systems.
[[0;32m  OK  [0m] Started Remount Root and Kernel File Systems.
[    6.410481] systemd[1]: Started Uncomplicated firewall.
[[0;32m  OK  [0m] Started Uncomplicated firewall.
[    6.412526] systemd[1]: Started Create list of required static device nodes for the current kernel.
[[0;32m  OK  [0m] Started Create list of required sta...ce nodes for the current kernel.
[    6.419274] systemd[1]: Starting Create Static Device Nodes in /dev...
         Starting Create Static Device Nodes in /dev...
[    6.423349] systemd[1]: Starting Load/Save Random Seed...
         Starting Load/Save Random Seed...
[    6.430065] systemd[1]: Starting udev Coldplug all Devices...
         Starting udev Coldplug all Devices...
[    6.432389] systemd[1]: Started Nameserver information manager.
[[0;32m  OK  [0m] Started Nameserver information manager.
[    6.438015] systemd[1]: Started Load/Save Random Seed.
[[0;32m  OK  [0m] Started Load/Save Random Seed.
[    6.470119] systemd[1]: Started LVM2 metadata daemon.
[[0;32m  OK  [0m] Started LVM2 metadata daemon.
[    6.475247] systemd[1]: Started Set console keymap.
[[0;32m  OK  [0m] Started Set console keymap.
[    6.482680] systemd[1]: Started Create Static Device Nodes in /dev.
[[0;32m  OK  [0m] Started Create Static Device Nodes in /dev.
[    6.486302] systemd[1]: Started Journal Service.
[[0;32m  OK  [0m] Started Journal Service.
         Starting Flush Journal to Persistent Storage...
         Starting udev Kernel Device Manager...
[    6.505858] iscsi: registered transport (iser)
[    6.507325] systemd-journald[400]: Received request to flush runtime journal from PID 1
[[0;32m  OK  [0m] Started Flush Journal to Persistent Storage.
[[0;32m  OK  [0m] Started Load Kernel Modules.
         Starting Apply Kernel Variables...
         Mounting FUSE Control File System...
[[0;32m  OK  [0m] Started udev Coldplug all Devices.
[[0;32m  OK  [0m] Started Apply Kernel Variables.
[[0;32m  OK  [0m] Mounted FUSE Control File System.
[[0;32m  OK  [0m] Started udev Kernel Device Manager.
[[0;32m  OK  [0m] Started Dispatch Password Requests to Console Directory Watch.
[[0;32m  OK  [0m] Started Monitoring of LVM2 mirrors,...ng dmeventd or progress polling.
[[0;32m  OK  [0m] Reached target Local File Systems (Pre).
[[0;32m  OK  [0m] Reached target Local File Systems.
         Starting Create Volatile Files and Directories...
         Starting Initial cloud-init job (pre-networking)...
         Starting Tell Plymouth To Write Out Runtime Data...
         Starting LSB: AppArmor initialization...
         Starting Set console font and keymap...
[[0;32m  OK  [0m] Started Tell Plymouth To Write Out Runtime Data.
[[0;32m  OK  [0m] Started Create Volatile Files and Directories.
         Starting Update UTMP about System Boot/Shutdown...
[[0;32m  OK  [0m] Started Update UTMP about System Boot/Shutdown.
[[0;32m  OK  [0m] Started LSB: AppArmor initialization.
[[0;32m  OK  [0m] Found device /dev/ttyS0.
         Starting Load AppArmor profiles managed internally by snapd...
[[0;32m  OK  [0m] Started Load AppArmor profiles managed internally by snapd.
[[0;32m  OK  [0m] Listening on Load/Save RF Kill Switch Status /dev/rfkill Watch.
[[0;32m  OK  [0m] Found device 82540EM Gigabit Ethern...r (PRO/1000 MT Desktop Adapter).
[[0;32m  OK  [0m] Found device 82540EM Gigabit Ethern...r (PRO/1000 MT Desktop Adapter).
[    7.148941] cloud-init[491]: Traceback (most recent call last):
[    7.344435] cloud-init[491]:   File "/usr/bin/cloud-init", line 9, in <module>
[    7.389286] cloud-init[491]:     load_entry_point('cloud-init==20.3', 'console_scripts', 'cloud-init')()
[[0;1;31mFAILED[0m] Failed to start Initial cloud-init job (pre-networking).
See 'systemctl status cloud-init-local.service' for details.
[[0;32m  OK  [0m] Started Set console font and keymap.
[    7.389424] cloud-init[491]:   File "/usr/lib/python3/dist-packages/pkg_resources/__init__.py", line 542, in load_entry_point
[    7.432871] cloud-init[491]:     return get_distribution(dist).load_entry_point(group, name)
[    7.433131] cloud-init[491]:   File "/usr/lib/python3/dist-packages/pkg_resources/__init__.py", line 2569, in load_entry_point
[    7.433243] cloud-init[491]:     return ep.load()
[    7.433483] cloud-init[491]:   File "/usr/lib/python3/dist-packages/pkg_resources/__init__.py", line 2229, in load
[    7.433726] cloud-init[491]:     return self.resolve()
[    7.433858] cloud-init[491]:   File "/usr/lib/python3/dist-packages/pkg_resources/__init__.py", line 2235, in resolve
[    7.434111] cloud-init[491]:     module = __import__(self.module_name, fromlist=['__name__'], level=0)
[    7.434352] cloud-init[491]:   File "/usr/lib/python3/dist-packages/cloudinit/cmd/main.py", line 29, in <module>
[    7.434576] cloud-init[491]:     from cloudinit import stages
[    7.434772] cloud-init[491]:   File "/usr/lib/python3/dist-packages/cloudinit/stages.py", line 19, in <module>
[    7.434978] cloud-init[491]:     from cloudinit.handlers.cloud_config import CloudConfigPartHandler
[    7.435197] cloud-init[491]:   File "/usr/lib/python3/dist-packages/cloudinit/handlers/cloud_config.py", line 11, in <module>
[    7.435303] cloud-init[491]:     import jsonpatch
[    7.435511] cloud-init[491]:   File "/usr/lib/python3/dist-packages/jsonpatch.py", line 114, in <module>
[    7.435716] cloud-init[491]:     json.load = get_loadjson()
[    7.435957] cloud-init[491]:   File "/usr/lib/python3/dist-packages/jsonpatch.py", line 108, in get_loadjson
[    7.436253] cloud-init[491]:     argspec = inspect.getargspec(json.load)
[    7.436446] cloud-init[491]:   File "/usr/lib/python3.6/inspect.py", line 1082, in getargspec
[    7.436589] cloud-init[491]:     raise ValueError("Function has keyword-only parameters or annotations"
[    7.436792] cloud-init[491]: ValueError: Function has keyword-only parameters or annotations, use getfullargspec() API which can support them
[[0;32m  OK  [0m] Created slice system-getty.slice.
[[0;32m  OK  [0m] Reached target Network (Pre).
         Starting Raise network interfaces...
[[0;32m  OK  [0m] Started ifup for enp0s3.
[[0;32m  OK  [0m] Started ifup for enp0s8.
[[0;32m  OK  [0m] Started Raise network interfaces.
         Starting Initial cloud-init job (metadata service crawler)...
[[0;32m  OK  [0m] Reached target Network.
[    9.258890] cloud-init[1093]: Traceback (most recent call last):
[    9.260330] cloud-init[1093]:   File "/usr/bin/cloud-init", line 9, in <module>
[    9.261604] cloud-init[1093]:     load_entry_point('cloud-init==20.3', 'console_scripts', 'cloud-init')()
[    9.263001] cloud-init[1093]:   File "/usr/lib/python3/dist-packages/pkg_resources/__init__.py", line 542, in load_entry_point
[    9.264434] cloud-init[1093]:     return get_distribution(dist).load_entry_point(group, name)
[    9.265522] cloud-init[1093]:   File "/usr/lib/python3/dist-packages/pkg_resources/__init__.py", line 2569, in load_entry_point
[    9.266782] cloud-init[1093]:     return ep.load()
[    9.267529] cloud-init[1093]:   File "/usr/lib/python3/dist-packages/pkg_resources/__init__.py", line 2229, in load
[    9.268831] cloud-init[1093]:     return self.resolve()
[    9.269852] cloud-init[1093]:   File "/usr/lib/python3/dist-packages/pkg_resources/__init__.py", line 2235, in resolve
[    9.271061] cloud-init[1093]:     module = __import__(self.module_name, fromlist=['__name__'], level=0)
[    9.272321] cloud-init[1093]:   File "/usr/lib/python3/dist-packages/cloudinit/cmd/main.py", line 29, in <module>
[    9.273311] cloud-init[1093]:     from cloudinit import stages
[    9.280462] cloud-init[1093]:   File "/usr/lib/python3/dist-packages/cloudinit/stages.py", line 19, in <module>
[    9.281558] cloud-init[1093]:     from cloudinit.handlers.cloud_config import CloudConfigPartHandler
[    9.282685] cloud-init[1093]:   File "/usr/lib/python3/dist-packages/cloudinit/handlers/cloud_config.py", line 11, in <module>
[    9.284149] cloud-init[1093]:     import jsonpatch
[    9.285137] cloud-init[1093]:   File "/usr/lib/python3/dist-packages/jsonpatch.py", line 114, in <module>
[    9.286246] cloud-init[1093]:     json.load = get_loadjson()
[    9.287058] cloud-init[1093]:   File "/usr/lib/python3/dist-packages/jsonpatch.py", line 108, in get_loadjson
[    9.292582] cloud-init[1093]:     argspec = inspect.getargspec(json.load)
[    9.293556] cloud-init[1093]:   File "/usr/lib/python3.6/inspect.py", line 1082, in getargspec
[    9.294688] cloud-init[1093]:     raise ValueError("Function has keyword-only parameters or annotations"
[    9.295679] cloud-init[1093]: ValueError: Function has keyword-only parameters or annotations, use getfullargspec() API which can support them
[[0;1;31mFAILED[0m] Failed to start Initial cloud-init job (metadata service crawler).
See 'systemctl status cloud-init.service' for details.
[[0;32m  OK  [0m] Reached target System Initialization.
[[0;32m  OK  [0m] Listening on UUID daemon activation socket.
[[0;32m  OK  [0m] Listening on D-Bus System Message Bus Socket.
         Starting Socket activation for snappy daemon.
         Starting LXD - unix socket.
[[0;32m  OK  [0m] Started Daily Cleanup of Temporary Directories.
[[0;32m  OK  [0m] Started Daily apt download activities.
[[0;32m  OK  [0m] Started Daily apt upgrade and clean activities.
[[0;32m  OK  [0m] Started ACPI Events Check.
[[0;32m  OK  [0m] Reached target Paths.
[[0;32m  OK  [0m] Listening on ACPID Listen Socket.
[[0;32m  OK  [0m] Started Message of the Day.
[[0;32m  OK  [0m] Reached target Timers.
[[0;32m  OK  [0m] Reached target Network is Online.
         Starting iSCSI initiator daemon (iscsid)...
[[0;32m  OK  [0m] Reached target Cloud-config availability.
[[0;32m  OK  [0m] Listening on Socket activation for snappy daemon.
[[0;32m  OK  [0m] Listening on LXD - unix socket.
[[0;32m  OK  [0m] Reached target Sockets.
[[0;32m  OK  [0m] Reached target Basic System.
         Starting Login Service...
         Starting System Logging Service...
         Starting Virtualbox guest utils...
         Starting Accounts Service...
[[0;32m  OK  [0m] Started D-Bus System Message Bus.
[[0;32m  OK  [0m] Started Regular background program processing daemon.
[[0;32m  OK  [0m] Started Deferred execution scheduler.
[[0;32m  OK  [0m] Started FUSE filesystem for LXC.
         Starting OpenBSD Secure Shell server...
         Starting Message of the Day...
         Starting Snap Daemon...
         Starting /etc/rc.local Compatibility...
         Starting LXD - container startup/shutdown...
         Starting LSB: MD monitoring daemon...
[[0;32m  OK  [0m] Started ACPI event daemon.
         Starting LSB: Record successful boot for GRUB...
[[0;32m  OK  [0m] Started System Logging Service.
[[0;32m  OK  [0m] Started iSCSI initiator daemon (iscsid).
[[0;32m  OK  [0m] Started Message of the Day.
[[0;32m  OK  [0m] Started /etc/rc.local Compatibility.
[[0;32m  OK  [0m] Started Login Service.
[[0;32m  OK  [0m] Started Unattended Upgrades Shutdown.
         Starting Authenticate and Authorize Users to Run Privileged Tasks...
         Starting Login to default iSCSI targets...
[[0;32m  OK  [0m] Started LSB: MD monitoring daemon.
[[0;32m  OK  [0m] Started LSB: Record successful boot for GRUB.
[[0;32m  OK  [0m] Started Login to default iSCSI targets.
[[0;32m  OK  [0m] Reached target Remote File Systems (Pre).
[[0;32m  OK  [0m] Reached target Remote File Systems.
         Starting LSB: Set the CPU Frequency Scaling governor to "ondemand"...
         Starting Permit User Sessions...
         Starting LSB: daemon to balance interrupts for SMP systems...
         Starting LSB: automatic crash report generation...
[[0;32m  OK  [0m] Started OpenBSD Secure Shell server.
[[0;32m  OK  [0m] Started Authenticate and Authorize Users to Run Privileged Tasks.
[[0;32m  OK  [0m] Started Accounts Service.
[[0;32m  OK  [0m] Started Permit User Sessions.
         Starting Hold until boot process finishes up...
         Starting Terminate Plymouth Boot Screen...
[[0;32m  OK  [0m] Started Hold until boot process finishes up.
         Starting Set console scheme...
[[0;32m  OK  [0m] Started Getty on tty1.
[[0;32m  OK  [0m] Started Serial Getty on ttyS0.
[[0;32m  OK  [0m] Reached target Login Prompts.
[[0;32m  OK  [0m] Started Terminate Plymouth Boot Screen.
[[0;32m  OK  [0m] Started Set console scheme.
[[0;32m  OK  [0m] Started LSB: Set the CPU Frequency Scaling governor to "ondemand".
[[0;32m  OK  [0m] Started LSB: automatic crash report generation.
[[0;32m  OK  [0m] Started LSB: daemon to balance interrupts for SMP systems.
[[0;32m  OK  [0m] Started Virtualbox guest utils.
[[0;32m  OK  [0m] Started LXD - container startup/shutdown.
[[0;32m  OK  [0m] Started Snap Daemon.
         Starting Wait until snapd is fully seeded...
[[0;32m  OK  [0m] Started Wait until snapd is fully seeded.
[[0;32m  OK  [0m] Reached target Multi-User System.
[[0;32m  OK  [0m] Reached target Graphical Interface.
         Starting Update UTMP about System Runlevel Changes...
         Starting Apply the settings specified in cloud-config...
[[0;32m  OK  [0m] Started Update UTMP about System Runlevel Changes.
[   10.104434] cloud-init[1312]: Traceback (most recent call last):
[   10.106549] cloud-init[1312]:   File "/usr/bin/cloud-init", line 9, in <module>
[   10.108896] cloud-init[1312]:     load_entry_point('cloud-init==20.3', 'console_scripts', 'cloud-init')()
[   10.111231] cloud-init[1312]:   File "/usr/lib/python3/dist-packages/pkg_resources/__init__.py", line 542, in load_entry_point
[   10.113779] cloud-init[1312]:     return get_distribution(dist).load_entry_point(group, name)
[   10.116221] cloud-init[1312]:   File "/usr/lib/python3/dist-packages/pkg_resources/__init__.py", line 2569, in load_entry_point
[   10.117540] cloud-init[1312]:     return ep.load()
[   10.118428] cloud-init[1312]:   File "/usr/lib/python3/dist-packages/pkg_resources/__init__.py", line 2229, in load
[   10.119637] cloud-init[1312]:     return self.resolve()
[   10.120596] cloud-init[1312]:   File "/usr/lib/python3/dist-packages/pkg_resources/__init__.py", line 2235, in resolve
[   10.121866] cloud-init[1312]:     module = __import__(self.module_name, fromlist=['__name__'], level=0)
[   10.122993] cloud-init[1312]:   File "/usr/lib/python3/dist-packages/cloudinit/cmd/main.py", line 29, in <module>
[   10.124218] cloud-init[1312]:     from cloudinit import stages
[   10.125165] cloud-init[1312]:   File "/usr/lib/python3/dist-packages/cloudinit/stages.py", line 19, in <module>
[   10.126275] cloud-init[1312]:     from cloudinit.handlers.cloud_config import CloudConfigPartHandler
[   10.127266] cloud-init[1312]:   File "/usr/lib/python3/dist-packages/cloudinit/handlers/cloud_config.py", line 11, in <module>
[   10.128534] cloud-init[1312]:     import jsonpatch
[   10.129991] cloud-init[1312]:   File "/usr/lib/python3/dist-packages/jsonpatch.py", line 114, in <module>
[   10.131158] cloud-init[1312]:     json.load = get_loadjson()
[   10.132162] cloud-init[1312]:   File "/usr/lib/python3/dist-packages/jsonpatch.py", line 108, in get_loadjson
[   10.133289] cloud-init[1312]:     argspec = inspect.getargspec(json.load)
[   10.134283] cloud-init[1312]:   File "/usr/lib/python3.6/inspect.py", line 1082, in getargspec
[[0;1;31mFAILED[0m] Failed to start Apply the settings specified in cloud-config.
See 'systemctl status cloud-config.service' for details.
[   10.138204] cloud-init[1312]:     raise ValueError("Function has keyword-only parameters or annotations"
[   10.139094] cloud-init[1312]: ValueError: Function has keyword-only parameters or annotations, use getfullargspec() API which can support them
         Starting Execute cloud user/final scripts...
[   10.428690] cloud-init[1317]: Traceback (most recent call last):
[   10.430295] cloud-init[1317]:   File "/usr/bin/cloud-init", line 9, in <module>
[   10.432303] cloud-init[1317]:     load_entry_point('cloud-init==20.3', 'console_scripts', 'cloud-init')()
[   10.434067] cloud-init[1317]:   File "/usr/lib/python3/dist-packages/pkg_resources/__init__.py", line 542, in load_entry_point
[   10.436006] cloud-init[1317]:     return get_distribution(dist).load_entry_point(group, name)
[   10.437409] cloud-init[1317]:   File "/usr/lib/python3/dist-packages/pkg_resources/__init__.py", line 2569, in load_entry_point
[   10.439333] cloud-init[1317]:     return ep.load()
[   10.440772] cloud-init[1317]:   File "/usr/lib/python3/dist-packages/pkg_resources/__init__.py", line 2229, in load
[   10.442655] cloud-init[1317]:     return self.resolve()
[   10.444075] cloud-init[1317]:   File "/usr/lib/python3/dist-packages/pkg_resources/__init__.py", line 2235, in resolve
[   10.452828] cloud-init[1317]:     module = __import__(self.module_name, fromlist=['__name__'], level=0)
[   10.454749] cloud-init[1317]:   File "/usr/lib/python3/dist-packages/cloudinit/cmd/main.py", line 29, in <module>
[   10.457229] cloud-init[1317]:     from cloudinit import stages
[   10.459208] cloud-init[1317]:   File "/usr/lib/python3/dist-packages/cloudinit/stages.py", line 19, in <module>[[0;1;31mFAILED[0m] Failed to start Execute cloud user/final scripts.
See 'systemctl status cloud-final.service' for details.
[[0;32m  OK  [0m] Reached target Cloud-init target.

[   10.468733] cloud-init[1317]:     from cloudinit.handlers.cloud_config import CloudConfigPartHandler
[   10.478420] cloud-init[1317]:   File "/usr/lib/python3/dist-packages/cloudinit/handlers/cloud_config.py", line 11, in <module>
[   10.480022] cloud-init[1317]:     import jsonpatch
[   10.481577] cloud-init[1317]:   File "/usr/lib/python3/dist-packages/jsonpatch.py", line 114, in <module>
[   10.483198] cloud-init[1317]:     json.load = get_loadjson()
[   10.484823] cloud-init[1317]:   File "/usr/lib/python3/dist-packages/jsonpatch.py", line 108, in get_loadjson
[   10.486866] cloud-init[1317]:     argspec = inspect.getargspec(json.load)
[   10.488543] cloud-init[1317]:   File "/usr/lib/python3.6/inspect.py", line 1082, in getargspec
[   10.489526] cloud-init[1317]:     raise ValueError("Function has keyword-only parameters or annotations"
[   10.493182] cloud-init[1317]: ValueError: Function has keyword-only parameters or annotations, use getfullargspec() API which can support them

Ubuntu 16.04.7 LTS ubuntu-xenial ttyS0

ubuntu-xenial login: 