[    0.000000] Initializing cgroup subsys cpuset
[    0.000000] Initializing cgroup subsys cpu
[    0.000000] Initializing cgroup subsys cpuacct
[    0.000000] Linux version 4.4.0-187-generic (buildd@lgw01-amd64-035) (gcc version 5.4.0 20160609 (Ubuntu 5.4.0-6ubuntu1~16.04.12) ) #217-Ubuntu SMP Tue Jul 21 04:18:15 UTC 2020 (Ubuntu 4.4.0-187.217-generic 4.4.230)
[    0.000000] Command line: BOOT_IMAGE=/boot/vmlinuz-4.4.0-187-generic root=LABEL=cloudimg-rootfs ro console=tty1 console=ttyS0
[    0.000000] KERNEL supported cpus:
[    0.000000]   Intel GenuineIntel
[    0.000000]   AMD AuthenticAMD
[    0.000000]   Centaur CentaurHauls
[    0.000000] x86/fpu: xstate_offset[2]:  576, xstate_sizes[2]:  256
[    0.000000] x86/fpu: Supporting XSAVE feature 0x01: 'x87 floating point registers'
[    0.000000] x86/fpu: Supporting XSAVE feature 0x02: 'SSE registers'
[    0.000000] x86/fpu: Supporting XSAVE feature 0x04: 'AVX registers'
[    0.000000] x86/fpu: Enabled xstate features 0x7, context size is 832 bytes, using 'standard' format.
[    0.000000] e820: BIOS-provided physical RAM map:
[    0.000000] BIOS-e820: [mem 0x0000000000000000-0x000000000009fbff] usable
[    0.000000] BIOS-e820: [mem 0x000000000009fc00-0x000000000009ffff] reserved
[    0.000000] BIOS-e820: [mem 0x00000000000f0000-0x00000000000fffff] reserved
[    0.000000] BIOS-e820: [mem 0x0000000000100000-0x000000007ffeffff] usable
[    0.000000] BIOS-e820: [mem 0x000000007fff0000-0x000000007fffffff] ACPI data
[    0.000000] BIOS-e820: [mem 0x00000000fec00000-0x00000000fec00fff] reserved
[    0.000000] BIOS-e820: [mem 0x00000000fee00000-0x00000000fee00fff] reserved
[    0.000000] BIOS-e820: [mem 0x00000000fffc0000-0x00000000ffffffff] reserved
[    0.000000] NX (Execute Disable) protection: active
[    0.000000] SMBIOS 2.5 present.
[    0.000000] Hypervisor detected: KVM
[    0.000000] e820: last_pfn = 0x7fff0 max_arch_pfn = 0x400000000
[    0.000000] MTRR: Disabled
[    0.000000] x86/PAT: MTRRs disabled, skipping PAT initialization too.
[    0.000000] CPU MTRRs all blank - virtualized system.
[    0.000000] x86/PAT: Configuration [0-7]: WB  WT  UC- UC  WB  WT  UC- UC  
[    0.000000] found SMP MP-table at [mem 0x0009fff0-0x0009ffff] mapped at [ffff88000009fff0]
[    0.000000] Scanning 1 areas for low memory corruption
[    0.000000] RAMDISK: [mem 0x362de000-0x37166fff]
[    0.000000] ACPI: Early table checksum verification disabled
[    0.000000] ACPI: RSDP 0x00000000000E0000 000024 (v02 VBOX  )
[    0.000000] ACPI: XSDT 0x000000007FFF0030 00003C (v01 VBOX   VBOXXSDT 00000001 ASL  00000061)
[    0.000000] ACPI: FACP 0x000000007FFF00F0 0000F4 (v04 VBOX   VBOXFACP 00000001 ASL  00000061)
[    0.000000] ACPI: DSDT 0x000000007FFF0470 002325 (v02 VBOX   VBOXBIOS 00000002 INTL 20190509)
[    0.000000] ACPI: FACS 0x000000007FFF0200 000040
[    0.000000] ACPI: FACS 0x000000007FFF0200 000040
[    0.000000] ACPI: APIC 0x000000007FFF0240 00005C (v02 VBOX   VBOXAPIC 00000001 ASL  00000061)
[    0.000000] ACPI: SSDT 0x000000007FFF02A0 0001CC (v01 VBOX   VBOXCPUT 00000002 INTL 20190509)
[    0.000000] No NUMA configuration found
[    0.000000] Faking a node at [mem 0x0000000000000000-0x000000007ffeffff]
[    0.000000] NODE_DATA(0) allocated [mem 0x7ffeb000-0x7ffeffff]
[    0.000000] kvm-clock: Using msrs 4b564d01 and 4b564d00
[    0.000000] kvm-clock: cpu 0, msr 0:7ffe3001, primary cpu clock
[    0.000000] kvm-clock: using sched offset of 3885893401 cycles
[    0.000000] clocksource: kvm-clock: mask: 0xffffffffffffffff max_cycles: 0x1cd42e4dffb, max_idle_ns: 881590591483 ns
[    0.000000] Zone ranges:
[    0.000000]   DMA      [mem 0x0000000000001000-0x0000000000ffffff]
[    0.000000]   DMA32    [mem 0x0000000001000000-0x000000007ffeffff]
[    0.000000]   Normal   empty
[    0.000000]   Device   empty
[    0.000000] Movable zone start for each node
[    0.000000] Early memory node ranges
[    0.000000]   node   0: [mem 0x0000000000001000-0x000000000009efff]
[    0.000000]   node   0: [mem 0x0000000000100000-0x000000007ffeffff]
[    0.000000] Initmem setup node 0 [mem 0x0000000000001000-0x000000007ffeffff]
[    0.000000] ACPI: PM-Timer IO Port: 0x4008
[    0.000000] IOAPIC[0]: apic_id 2, version 32, address 0xfec00000, GSI 0-23
[    0.000000] ACPI: INT_SRC_OVR (bus 0 bus_irq 0 global_irq 2 dfl dfl)
[    0.000000] ACPI: INT_SRC_OVR (bus 0 bus_irq 9 global_irq 9 low level)
[    0.000000] Using ACPI (MADT) for SMP configuration information
[    0.000000] smpboot: Allowing 2 CPUs, 0 hotplug CPUs
[    0.000000] PM: Registered nosave memory: [mem 0x00000000-0x00000fff]
[    0.000000] PM: Registered nosave memory: [mem 0x0009f000-0x0009ffff]
[    0.000000] PM: Registered nosave memory: [mem 0x000a0000-0x000effff]
[    0.000000] PM: Registered nosave memory: [mem 0x000f0000-0x000fffff]
[    0.000000] e820: [mem 0x80000000-0xfebfffff] available for PCI devices
[    0.000000] Booting paravirtualized kernel on KVM
[    0.000000] clocksource: refined-jiffies: mask: 0xffffffff max_cycles: 0xffffffff, max_idle_ns: 7645519600211568 ns
[    0.000000] setup_percpu: NR_CPUS:512 nr_cpumask_bits:512 nr_cpu_ids:2 nr_node_ids:1
[    0.000000] PERCPU: Embedded 33 pages/cpu @ffff88007fc00000 s95512 r8192 d31464 u1048576
[    0.000000] Built 1 zonelists in Node order, mobility grouping on.  Total pages: 515960
[    0.000000] Policy zone: DMA32
[    0.000000] Kernel command line: BOOT_IMAGE=/boot/vmlinuz-4.4.0-187-generic root=LABEL=cloudimg-rootfs ro console=tty1 console=ttyS0
[    0.000000] PID hash table entries: 4096 (order: 3, 32768 bytes)
[    0.000000] Memory: 2029852K/2096696K available (8636K kernel code, 1337K rwdata, 4040K rodata, 1492K init, 1296K bss, 66844K reserved, 0K cma-reserved)
[    0.000000] SLUB: HWalign=64, Order=0-3, MinObjects=0, CPUs=2, Nodes=1
[    0.000000] Kernel/User page tables isolation: enabled
[    0.000000] Hierarchical RCU implementation.
[    0.000000] 	Build-time adjustment of leaf fanout to 64.
[    0.000000] 	RCU restricting CPUs from NR_CPUS=512 to nr_cpu_ids=2.
[    0.000000] RCU: Adjusting geometry for rcu_fanout_leaf=64, nr_cpu_ids=2
[    0.000000] NR_IRQS:33024 nr_irqs:440 16
[    0.000000] Console: colour VGA+ 80x25
[    0.000000] console [tty1] enabled
[    0.000000] console [ttyS0] enabled
[    0.000000] tsc: Detected 1895.611 MHz processor
[    0.329225] Calibrating delay loop (skipped) preset value.. 3791.22 BogoMIPS (lpj=7582444)
[    0.333169] pid_max: default: 32768 minimum: 301
[    0.335464] ACPI: Core revision 20150930
[    0.342523] ACPI: 2 ACPI AML tables successfully acquired and loaded
[    0.347322] Security Framework initialized
[    0.348751] Yama: becoming mindful.
[    0.350624] AppArmor: AppArmor initialized
[    0.353852] Dentry cache hash table entries: 262144 (order: 9, 2097152 bytes)
[    0.358602] Inode-cache hash table entries: 131072 (order: 8, 1048576 bytes)
[    0.364340] Mount-cache hash table entries: 4096 (order: 3, 32768 bytes)
[    0.367295] Mountpoint-cache hash table entries: 4096 (order: 3, 32768 bytes)
[    0.370573] Initializing cgroup subsys io
[    0.378749] Initializing cgroup subsys memory
[    0.380439] Initializing cgroup subsys devices
[    0.382510] Initializing cgroup subsys freezer
[    0.384071] Initializing cgroup subsys net_cls
[    0.385843] Initializing cgroup subsys perf_event
[    0.387441] Initializing cgroup subsys net_prio
[    0.388992] Initializing cgroup subsys hugetlb
[    0.390514] Initializing cgroup subsys pids
[    0.403154] mce: CPU supports 0 MCE banks
[    0.404890] Last level iTLB entries: 4KB 1024, 2MB 1024, 4MB 1024
[    0.407490] Last level dTLB entries: 4KB 1024, 2MB 1024, 4MB 1024, 1GB 4
[    0.410695] Spectre V1 : Mitigation: usercopy/swapgs barriers and __user pointer sanitization
[    0.414158] Spectre V2 : Mitigation: Full generic retpoline
[    0.416334] Spectre V2 : Spectre v2 / SpectreRSB mitigation: Filling RSB on context switch
[    0.419437] Speculative Store Bypass: Vulnerable
[    0.420879] SRBDS: Unknown: Dependent on hypervisor status
[    0.423306] MDS: Mitigation: Clear CPU buffers
[    0.429341] Freeing SMP alternatives memory: 36K
[    0.444126] ftrace: allocating 32337 entries in 127 pages
[    0.549428] smpboot: APIC(0) Converting physical 0 to logical package 0
[    0.551224] smpboot: Max logical packages: 1
[    0.552821] x2apic enabled
[    0.554286] Switched APIC routing to physical x2apic.
[    0.557354] ..TIMER: vector=0x30 apic1=0 pin1=2 apic2=-1 pin2=-1
[    0.667166] smpboot: CPU0: Intel(R) Core(TM) i3-4030U CPU @ 1.90GHz (family: 0x6, model: 0x45, stepping: 0x1)
[    0.670481] Performance Events: unsupported p6 CPU model 69 no PMU driver, software events only.
[    0.691496] KVM setup paravirtual spinlock
[    0.695145] x86: Booting SMP configuration:
[    0.696663] .... node  #0, CPUs:      #1
[    0.698287] kvm-clock: cpu 1, msr 0:7ffe3041, secondary cpu clock
[    0.709662] mce: CPU supports 0 MCE banks
[    0.712876] x86: Booted up 1 node, 2 CPUs
[    0.717918] smpboot: Total of 2 processors activated (7582.44 BogoMIPS)
[    0.721725] devtmpfs: initialized
[    0.725893] evm: security.selinux
[    0.727108] evm: security.SMACK64
[    0.728406] evm: security.SMACK64EXEC
[    0.730134] evm: security.SMACK64TRANSMUTE
[    0.731553] evm: security.SMACK64MMAP
[    0.732839] evm: security.ima
[    0.734352] evm: security.capability
[    0.735978] clocksource: jiffies: mask: 0xffffffff max_cycles: 0xffffffff, max_idle_ns: 7645041785100000 ns
[    0.739530] futex hash table entries: 512 (order: 3, 32768 bytes)
[    0.742192] pinctrl core: initialized pinctrl subsystem
[    0.744102] RTC time: 19:02:52, date: 09/29/20
[    0.746674] NET: Registered protocol family 16
[    0.759984] cpuidle: using governor ladder
[    0.775431] cpuidle: using governor menu
[    0.777077] PCCT header not found.
[    0.779302] ACPI: bus type PCI registered
[    0.780920] acpiphp: ACPI Hot Plug PCI Controller Driver version: 0.5
[    0.783728] PCI: Using configuration type 1 for base access
[    0.800591] ACPI: Added _OSI(Module Device)
[    0.802961] ACPI: Added _OSI(Processor Device)
[    0.804684] ACPI: Added _OSI(3.0 _SCP Extensions)
[    0.806406] ACPI: Added _OSI(Processor Aggregator Device)
[    0.809617] ACPI: Executed 1 blocks of module-level executable AML code
[    0.816149] ACPI: Interpreter enabled
[    0.817994] ACPI: (supports S0 S5)
[    0.819998] ACPI: Using IOAPIC for interrupt routing
[    0.823221] PCI: Using host bridge windows from ACPI; if necessary, use "pci=nocrs" and report a bug
[    0.836419] ACPI: PCI Root Bridge [PCI0] (domain 0000 [bus 00-ff])
[    0.839816] acpi PNP0A03:00: _OSC: OS supports [ASPM ClockPM Segments MSI]
[    0.843539] acpi PNP0A03:00: _OSC: not requesting OS control; OS requires [ExtendedConfig ASPM ClockPM MSI]
[    0.849247] acpi PNP0A03:00: fail to add MMCONFIG information, can't access extended PCI configuration space under this bridge.
[    0.855752] PCI host bridge to bus 0000:00
[    0.857781] pci_bus 0000:00: root bus resource [io  0x0000-0x0cf7 window]
[    0.860062] pci_bus 0000:00: root bus resource [io  0x0d00-0xffff window]
[    0.863512] pci_bus 0000:00: root bus resource [mem 0x000a0000-0x000bffff window]
[    0.866960] pci_bus 0000:00: root bus resource [mem 0x80000000-0xfdffffff window]
[    0.870227] pci_bus 0000:00: root bus resource [bus 00-ff]
[    0.876380] pci 0000:00:01.1: legacy IDE quirk: reg 0x10: [io  0x01f0-0x01f7]
[    0.880623] pci 0000:00:01.1: legacy IDE quirk: reg 0x14: [io  0x03f6]
[    0.883434] pci 0000:00:01.1: legacy IDE quirk: reg 0x18: [io  0x0170-0x0177]
[    0.902763] pci 0000:00:01.1: legacy IDE quirk: reg 0x1c: [io  0x0376]
[    0.959944] pci 0000:00:07.0: quirk: [io  0x4000-0x403f] claimed by PIIX4 ACPI
[    0.962842] pci 0000:00:07.0: quirk: [io  0x4100-0x410f] claimed by PIIX4 SMB
[    1.001421] ACPI: PCI Interrupt Link [LNKA] (IRQs 5 9 10 *11)
[    1.005006] ACPI: PCI Interrupt Link [LNKB] (IRQs 5 9 *10 11)
[    1.008423] ACPI: PCI Interrupt Link [LNKC] (IRQs 5 *9 10 11)
[    1.013526] ACPI: PCI Interrupt Link [LNKD] (IRQs 5 9 10 *11)
[    1.016638] ACPI: Enabled 2 GPEs in block 00 to 07
[    1.019315] vgaarb: setting as boot device: PCI:0000:00:02.0
[    1.021452] vgaarb: device added: PCI:0000:00:02.0,decodes=io+mem,owns=io+mem,locks=none
[    1.025034] vgaarb: loaded
[    1.028180] vgaarb: bridge control possible 0000:00:02.0
[    1.031841] SCSI subsystem initialized
[    1.033671] ACPI: bus type USB registered
[    1.035365] usbcore: registered new interface driver usbfs
[    1.037420] usbcore: registered new interface driver hub
[    1.039453] usbcore: registered new device driver usb
[    1.041838] PCI: Using ACPI for IRQ routing
[    1.044131] NetLabel: Initializing
[    1.046098] NetLabel:  domain hash size = 128
[    1.047873] NetLabel:  protocols = UNLABELED CIPSOv4
[    1.049880] NetLabel:  unlabeled traffic allowed by default
[    1.052220] amd_nb: Cannot enumerate AMD northbridges
[    1.054261] clocksource: Switched to clocksource kvm-clock
[    1.070358] AppArmor: AppArmor Filesystem Enabled
[    1.072490] pnp: PnP ACPI init
[    1.075574] pnp: PnP ACPI: found 3 devices
[    1.090227] clocksource: acpi_pm: mask: 0xffffff max_cycles: 0xffffff, max_idle_ns: 2085701024 ns
[    1.093006] NET: Registered protocol family 2
[    1.094649] TCP established hash table entries: 16384 (order: 5, 131072 bytes)
[    1.097217] TCP bind hash table entries: 16384 (order: 6, 262144 bytes)
[    1.099646] TCP: Hash tables configured (established 16384 bind 16384)
[    1.102070] UDP hash table entries: 1024 (order: 3, 32768 bytes)
[    1.104365] UDP-Lite hash table entries: 1024 (order: 3, 32768 bytes)
[    1.106853] NET: Registered protocol family 1
[    1.108621] pci 0000:00:00.0: Limiting direct PCI/PCI transfers
[    1.110839] pci 0000:00:01.0: Activating ISA DMA hang workarounds
[    1.113803] Unpacking initramfs...
[    1.435798] Freeing initrd memory: 14884K
[    1.437507] RAPL PMU detected, API unit is 2^-32 Joules, 4 fixed counters 10737418240 ms ovfl timer
[    1.440630] hw unit of domain pp0-core 2^-0 Joules
[    1.443651] hw unit of domain package 2^-0 Joules
[    1.445649] hw unit of domain dram 2^-0 Joules
[    1.447246] hw unit of domain pp1-gpu 2^-0 Joules
[    1.448843] clocksource: tsc: mask: 0xffffffffffffffff max_cycles: 0x36a5f415104, max_idle_ns: 881590682539 ns
[    1.452355] platform rtc_cmos: registered platform RTC device (no PNP device found)
[    1.455077] Scanning for low memory corruption every 60 seconds
[    1.457703] audit: initializing netlink subsys (disabled)
[    1.459580] audit: type=2000 audit(1601406178.942:1): initialized
[    1.461980] Initialise system trusted keyring
[    1.463913] HugeTLB registered 2 MB page size, pre-allocated 0 pages
[    1.467822] zbud: loaded
[    1.469278] VFS: Disk quotas dquot_6.6.0
[    1.470546] VFS: Dquot-cache hash table entries: 512 (order 0, 4096 bytes)
[    1.472763] squashfs: version 4.0 (2009/01/31) Phillip Lougher
[    1.476772] fuse init (API version 7.23)
[    1.478474] Key type big_key registered
[    1.479721] Allocating IMA MOK and blacklist keyrings.
[    1.482921] Key type asymmetric registered
[    1.484132] Asymmetric key parser 'x509' registered
[    1.485882] Block layer SCSI generic (bsg) driver version 0.4 loaded (major 249)
[    1.489842] io scheduler noop registered
[    1.491610] io scheduler deadline registered (default)
[    1.493675] io scheduler cfq registered
[    1.495984] pci_hotplug: PCI Hot Plug PCI Core version: 0.5
[    1.498065] pciehp: PCI Express Hot Plug Controller Driver version: 0.4
[    1.500879] ACPI: AC Adapter [AC] (on-line)
[    1.502708] input: Power Button as /devices/LNXSYSTM:00/LNXPWRBN:00/input/input0
[    1.505559] ACPI: Power Button [PWRF]
[    1.506860] input: Sleep Button as /devices/LNXSYSTM:00/LNXSLPBN:00/input/input1
[    1.509029] ACPI: Sleep Button [SLPF]
[    1.511385] ACPI: Battery Slot [BAT0] (battery present)
[    1.513083] GHES: HEST is not enabled!
[    1.514379] Serial: 8250/16550 driver, 32 ports, IRQ sharing enabled
[    1.537168] 00:02: ttyS0 at I/O 0x3f8 (irq = 4, base_baud = 115200) is a 16550A
[    1.542792] Linux agpgart interface v0.103
[    1.549108] loop: module loaded
[    1.551795] scsi host0: ata_piix
[    1.553517] scsi host1: ata_piix
[    1.555087] ata1: PATA max UDMA/33 cmd 0x1f0 ctl 0x3f6 bmdma 0xd000 irq 14
[    1.557565] ata2: PATA max UDMA/33 cmd 0x170 ctl 0x376 bmdma 0xd008 irq 15
[    1.560331] libphy: Fixed MDIO Bus: probed
[    1.562144] tun: Universal TUN/TAP device driver, 1.6
[    1.564135] tun: (C) 1999-2004 Max Krasnyansky <maxk@qualcomm.com>
[    1.566501] PPP generic driver version 2.4.2
[    1.568423] ehci_hcd: USB 2.0 'Enhanced' Host Controller (EHCI) Driver
[    1.570788] ehci-pci: EHCI PCI platform driver
[    1.572641] ehci-platform: EHCI generic platform driver
[    1.574634] ohci_hcd: USB 1.1 'Open' Host Controller (OHCI) Driver
[    1.576984] ohci-pci: OHCI PCI platform driver
[    1.578880] ohci-platform: OHCI generic platform driver
[    1.580938] uhci_hcd: USB Universal Host Controller Interface driver
[    1.583398] i8042: PNP: PS/2 Controller [PNP0303:PS2K,PNP0f03:PS2M] at 0x60,0x64 irq 1,12
[    1.589673] serio: i8042 KBD port at 0x60,0x64 irq 1
[    1.591695] serio: i8042 AUX port at 0x60,0x64 irq 12
[    1.593889] mousedev: PS/2 mouse device common for all mice
[    1.596868] input: AT Translated Set 2 keyboard as /devices/platform/i8042/serio0/input/input2
[    1.600640] rtc_cmos rtc_cmos: rtc core: registered rtc_cmos as rtc0
[    1.602752] rtc_cmos rtc_cmos: alarms up to one day, 114 bytes nvram
[    1.604794] i2c /dev entries driver
[    1.606121] device-mapper: uevent: version 1.0.3
[    1.607917] device-mapper: ioctl: 4.34.0-ioctl (2015-10-28) initialised: dm-devel@redhat.com
[    1.610816] ledtrig-cpu: registered to indicate activity on CPUs
[    1.613461] NET: Registered protocol family 10
[    1.615320] NET: Registered protocol family 17
[    1.616846] Key type dns_resolver registered
[    1.619032] registered taskstats version 1
[    1.620471] Loading compiled-in X.509 certificates
[    1.623083] Loaded X.509 cert 'Build time autogenerated kernel key: f06b7227f29f55afa9b8968d1b82289d30ebc7c3'
[    1.626339] zswap: loaded using pool lzo/zbud
[    1.630506] Key type trusted registered
[    1.637011] Key type encrypted registered
[    1.638533] AppArmor: AppArmor sha1 policy hashing enabled
[    1.640300] ima: No TPM chip found, activating TPM-bypass!
[    1.642103] ima: Allocated hash algorithm: sha1
[    1.643711] evm: HMAC attrs: 0x1
[    1.645380]   Magic number: 4:177:42
[    1.646692] bdi 7:7: hash matches
[    1.648006] rtc_cmos rtc_cmos: setting system clock to 2020-09-29 19:02:53 UTC (1601406173)
[    1.651002] BIOS EDD facility v0.16 2004-Jun-25, 0 devices found
[    1.652896] EDD information not available.
[    1.741701] Freeing unused kernel memory: 1492K
[    1.743430] Write protecting the kernel read-only data: 14336k
[    1.746035] Freeing unused kernel memory: 1592K
[    1.747856] Freeing unused kernel memory: 56K
Loading, please wait...
starting version 229
[    1.772647] random: systemd-udevd: uninitialized urandom read (16 bytes read, 3 bits of entropy available)
[    1.774668] random: udevadm: uninitialized urandom read (16 bytes read, 3 bits of entropy available)
[    1.774718] random: udevadm: uninitialized urandom read (16 bytes read, 3 bits of entropy available)
[    1.786603] random: systemd-udevd: uninitialized urandom read (16 bytes read, 3 bits of entropy available)
[    1.790337] random: systemd-udevd: uninitialized urandom read (16 bytes read, 3 bits of entropy available)
[    1.792118] random: udevadm: uninitialized urandom read (16 bytes read, 3 bits of entropy available)
[    1.792225] random: udevadm: uninitialized urandom read (16 bytes read, 3 bits of entropy available)
[    1.792574] random: udevadm: uninitialized urandom read (16 bytes read, 3 bits of entropy available)
[    1.792703] random: udevadm: uninitialized urandom read (16 bytes read, 3 bits of entropy available)
[    1.792811] random: udevadm: uninitialized urandom read (16 bytes read, 3 bits of entropy available)
[    1.904373] e1000: Intel(R) PRO/1000 Network Driver - version 7.3.21-k8-NAPI
[    1.907363] e1000: Copyright (c) 1999-2006 Intel Corporation.
[    1.933339] Fusion MPT base driver 3.04.20
[    1.936343] Copyright (c) 1999-2008 LSI Corporation
[    1.954100] AVX2 version of gcm_enc/dec engaged.
[    1.956293] AES CTR mode by8 optimization enabled
[    1.984296] Fusion MPT SPI Host driver 3.04.20
[    2.120838] input: ImExPS/2 Generic Explorer Mouse as /devices/platform/i8042/serio1/input/input4
[    2.342470] e1000 0000:00:03.0 eth0: (PCI:33MHz:32-bit) 02:98:c6:81:17:55
[    2.344500] e1000 0000:00:03.0 eth0: Intel(R) PRO/1000 Network Connection
[    2.721577] e1000 0000:00:08.0 eth1: (PCI:33MHz:32-bit) 08:00:27:3f:f3:58
[    2.723636] e1000 0000:00:08.0 eth1: Intel(R) PRO/1000 Network Connection
[    2.726717] e1000 0000:00:08.0 enp0s8: renamed from eth1
[    2.730529] mptbase: ioc0: Initiating bringup
[    3.105197] e1000 0000:00:03.0 enp0s3: renamed from eth0
[    3.239018] ioc0: LSI53C1030 A0: Capabilities={Initiator}
[    5.123699] scsi host2: ioc0: LSI53C1030 A0, FwRev=00000000h, Ports=1, MaxQ=256, IRQ=20
[    8.111686] scsi 2:0:0:0: Direct-Access     VBOX     HARDDISK         1.0  PQ: 0 ANSI: 5
[    8.117338] scsi target2:0:0: Beginning Domain Validation
[    8.122591] scsi target2:0:0: Domain Validation skipping write tests
[    8.125227] scsi target2:0:0: Ending Domain Validation
[    8.127029] scsi target2:0:0: asynchronous
[    8.129035] scsi 2:0:1:0: Direct-Access     VBOX     HARDDISK         1.0  PQ: 0 ANSI: 5
[    8.131799] scsi target2:0:1: Beginning Domain Validation
[    8.134549] scsi target2:0:1: Domain Validation skipping write tests
[    8.136584] scsi target2:0:1: Ending Domain Validation
[    8.138323] scsi target2:0:1: asynchronous
[    8.147829] sd 2:0:0:0: Attached scsi generic sg0 type 0
[    8.149833] sd 2:0:0:0: [sda] 20971520 512-byte logical blocks: (10.7 GB/10.0 GiB)
[    8.153025] sd 2:0:1:0: [sdb] 20480 512-byte logical blocks: (10.5 MB/10.0 MiB)
[    8.155697] sd 2:0:1:0: Attached scsi generic sg1 type 0
[    8.155701] sd 2:0:0:0: [sda] Write Protect is off
[    8.158884] sd 2:0:0:0: [sda] Incomplete mode parameter data
[    8.159034] sd 2:0:1:0: [sdb] Write Protect is off
[    8.159188] sd 2:0:1:0: [sdb] Incomplete mode parameter data
[    8.159192] sd 2:0:1:0: [sdb] Assuming drive cache: write through
[    8.165727] sd 2:0:0:0: [sda] Assuming drive cache: write through
[    8.185296]  sda: sda1
[    8.187598] sd 2:0:0:0: [sda] Attached SCSI disk
[    8.188020] sd 2:0:1:0: [sdb] Attached SCSI disk
Begin: Loading essential drivers ... [    9.878508] md: linear personality registered for level -1
[    9.884306] md: multipath personality registered for level -4
[    9.896660] md: raid0 personality registered for level 0
[    9.909639] md: raid1 personality registered for level 1
[    9.989779] raid6: sse2x1   gen()  4460 MB/s
[   10.073529] raid6: sse2x1   xor()  5399 MB/s
[   10.152560] raid6: sse2x2   gen()  8662 MB/s
[   10.220553] raid6: sse2x2   xor()  5129 MB/s
[   10.288327] raid6: sse2x4   gen()  8856 MB/s
[   10.364318] raid6: sse2x4   xor()  7005 MB/s
[   10.431147] raid6: avx2x1   gen() 11527 MB/s
[   10.506040] raid6: avx2x2   gen() 14816 MB/s
[   10.582274] raid6: avx2x4   gen() 17047 MB/s
[   10.583783] raid6: using algorithm avx2x4 gen() 17047 MB/s
[   10.585553] raid6: using avx2x2 recovery algorithm
[   10.589207] xor: automatically using best checksumming function:
[   10.630287]    avx       : 15578.000 MB/sec
[   10.633713] async_tx: api initialized (async)
[   10.653583] md: raid6 personality registered for level 6
[   10.655875] md: raid5 personality registered for level 5
[   10.657722] md: raid4 personality registered for level 4
[   10.669855] md: raid10 personality registered for level 10
done.
Begin: Running /scripts/init-premount ... done.
Begin: Mounting root file system ... Begin: Running /scripts/local-top ... done.
Begin: Running /scripts/local-premount ... [   10.724717] Btrfs loaded
Scanning for Btrfs filesystems
done.
Warning: fsck not present, so skipping root file system
[   10.807345] EXT4-fs (sda1): mounted filesystem with ordered data mode. Opts: (null)
done.
Begin: Running /scripts/local-bottom ... done.
Begin: Running /scripts/init-bottom ... done.
[   11.498853] systemd[1]: systemd 229 running in system mode. (+PAM +AUDIT +SELINUX +IMA +APPARMOR +SMACK +SYSVINIT +UTMP +LIBCRYPTSETUP +GCRYPT +GNUTLS +ACL +XZ -LZ4 +SECCOMP +BLKID +ELFUTILS +KMOD -IDN)
[   11.507761] systemd[1]: Detected virtualization oracle.
[   11.509487] systemd[1]: Detected architecture x86-64.

Welcome to [1mUbuntu 16.04.7 LTS[0m!

[   11.539859] systemd[1]: Set hostname to <ubuntu-xenial>.
[   11.999729] random: nonblocking pool is initialized
[   12.793936] systemd[1]: Created slice User and Session Slice.
[[0;32m  OK  [0m] Created slice User and Session Slice.
[   12.799474] systemd[1]: Listening on Journal Socket.
[[0;32m  OK  [0m] Listening on Journal Socket.
[   12.803462] systemd[1]: Listening on /dev/initctl Compatibility Named Pipe.
[[0;32m  OK  [0m] Listening on /dev/initctl Compatibility Named Pipe.
[   12.806834] systemd[1]: Listening on LVM2 metadata daemon socket.
[[0;32m  OK  [0m] Listening on LVM2 metadata daemon socket.
[   12.809791] systemd[1]: Reached target Swap.
[[0;32m  OK  [0m] Reached target Swap.
[   12.812098] systemd[1]: Reached target Encrypted Volumes.
[[0;32m  OK  [0m] Reached target Encrypted Volumes.
[   12.815145] systemd[1]: Set up automount Arbitrary Executable File Formats File System Automount Point.
[[0;32m  OK  [0m] Set up automount Arbitrary Executab...ats File System Automount Point.
[   12.819517] systemd[1]: Listening on Syslog Socket.
[[0;32m  OK  [0m] Listening on Syslog Socket.
[   12.822092] systemd[1]: Listening on Journal Audit Socket.
[[0;32m  OK  [0m] Listening on Journal Audit Socket.
[   12.824897] systemd[1]: Listening on LVM2 poll daemon socket.
[[0;32m  OK  [0m] Listening on LVM2 poll daemon socket.
[   12.827787] systemd[1]: Listening on udev Kernel Socket.
[[0;32m  OK  [0m] Listening on udev Kernel Socket.
[   12.830913] systemd[1]: Created slice System Slice.
[[0;32m  OK  [0m] Created slice System Slice.
[   12.846751] systemd[1]: Starting Set console keymap...
         Starting Set console keymap...
[   12.852863] systemd[1]: Starting Remount Root and Kernel File Systems...
         Starting Remount Root and Kernel File Systems...
[   12.857610] systemd[1]: Mounting Debug File System...
         Mounting Debug File System...
[   12.910929] systemd[1]: Starting Load Kernel Modules...
         Starting Load Kernel Modules...
[   12.918940] systemd[1]: Created slice system-serial\x2dgetty.slice.
[[0;32m  OK  [0m] Created slice system-serial\x2dgetty.slice.
[   12.925362] systemd[1]: Mounting Huge Pages File System...
         Mounting Huge Pages File System...
[   12.930193] systemd[1]: Starting Nameserver information manager...
         Starting Nameserver information manager...
[   12.936018] systemd[1]: Starting Create list of required static device nodes for the current kernel...
         Starting Create list of required st... nodes for the current kernel...
[   12.940733] systemd[1]: Started Trigger resolvconf update for networkd DNS.
[[0;32m  OK  [0m] Started Trigger resolvconf update for networkd DNS.
[   12.944013] systemd[1]: Listening on Device-mapper event daemon FIFOs.
[[0;32m  OK  [0m] Listening on Device-mapper event daemon FIFOs.
[   12.949355] systemd[1]: Starting Monitoring of LVM2 mirrors, snapshots etc. using dmeventd or progress polling...
         Starting Monitoring of LVM2 mirrors... dmeventd or progress polling...
[   12.958664] systemd[1]: Listening on udev Control Socket.
[[0;32m  OK  [0m] Listening on udev Control Socket.
[   12.961661] systemd[1]: Started Forward Password Requests to Wall Directory Watch.
[[0;32m  OK  [0m] Started Forward Password Requests to Wall Directory Watch.
[   12.965939] systemd[1]: Reached target Slices.
[[0;32m  OK  [0m] Reached target Slices.
[   12.968425] systemd[1]: Listening on Journal Socket (/dev/log).
[[0;32m  OK  [0m] Listening on Journal Socket (/dev/log).
[   12.982650] systemd[1]: Starting Journal Service...
         Starting Journal Service...
[   12.985713] systemd[1]: Reached target System Time Synchronized.
[   12.989247] EXT4-fs (sda1): re-mounted. Opts: (null)
[[0;32m  OK  [0m] Reached target System Time Synchronized.
[   12.995230] systemd[1]: Starting Uncomplicated firewall...
         Starting Uncomplicated firewall...
[   13.000779] systemd[1]: Mounting POSIX Message Queue File System...
         Mounting POSIX Message Queue File System...
[   13.007137] systemd[1]: Reached target User and Group Name Lookups.
[[0;32m  OK  [0m] Reached target User and Group Name Lookups.
[   13.085264] systemd[1]: Mounted Huge Pages File System.
[[0;32m  OK  [0m] Mounted Huge Pages File System.
[   13.092441] systemd[1]: Mounted POSIX Message Queue File System.
[[0;32m  OK  [0m] Mounted POSIX Message Queue File System.
[   13.097480] systemd[1]: Mounted Debug File System.
[[0;32m  OK  [0m] Mounted Debug File System.
[   13.101225] systemd[1]: Started Remount Root and Kernel File Systems.
[[0;32m  OK  [0m] Started Remount Root and Kernel File Systems.
[   13.108220] systemd[1]: Started Create list of required static device nodes for the current kernel.
[[0;32m  OK  [0m] Started Create list of required sta...ce nodes for the current kernel.
[   13.116842] systemd[1]: Starting Create Static Device Nodes in /dev...
         Starting Create Static Device Nodes in /dev...
[   13.143081] systemd[1]: Starting udev Coldplug all Devices...
         Starting udev Coldplug all Devices...
[   13.151962] systemd[1]: Starting Load/Save Random Seed...
         Starting Load/Save Random Seed...
[   13.164261] systemd[1]: Started Uncomplicated firewall.
[[0;32m  OK  [0m] Started Uncomplicated firewall.
[   13.190859] systemd[1]: Started Nameserver information manager.
[[0;32m  OK  [0m] Started Nameserver information manager.
[   13.220291] systemd[1]: Started Load/Save Random Seed.
[[0;32m  OK  [0m] Started Load/Save Random Seed.
[   13.254105] Loading iSCSI transport class v2.0-870.
[   13.332136] systemd[1]: Started udev Coldplug all Devices.
[[0;32m  OK  [0m] Started udev Coldplug all Devices.
[   13.340371] systemd[1]: Started Set console keymap.
[[0;32m  OK  [0m] Started Set console keymap.
[   13.349523] iscsi: registered transport (tcp)
[   13.374866] systemd[1]: Started LVM2 metadata daemon.
[[0;32m  OK  [0m] Started LVM2 metadata daemon.
[   13.473737] systemd[1]: Started Journal Service.
[[0;32m  OK  [0m] Started Journal Service.
         Starting Flush Journal to Persistent Storage...
[   13.620315] systemd-journald[399]: Received request to flush runtime journal from PID 1
[[0;32m  OK  [0m] Started Flush Journal to Persistent Storage.
[   13.758164] iscsi: registered transport (iser)
[[0;32m  OK  [0m] Started Load Kernel Modules.
         Starting Apply Kernel Variables...
         Mounting FUSE Control File System...
[[0;32m  OK  [0m] Mounted FUSE Control File System.
[[0;32m  OK  [0m] Started Create Static Device Nodes in /dev.
         Starting udev Kernel Device Manager...
[[0;32m  OK  [0m] Started Apply Kernel Variables.
[[0;32m  OK  [0m] Started Monitoring of LVM2 mirrors,...ng dmeventd or progress polling.
[[0;32m  OK  [0m] Reached target Local File Systems (Pre).
[[0;32m  OK  [0m] Reached target Local File Systems.
         Starting Initial cloud-init job (pre-networking)...
         Starting LSB: AppArmor initialization...
         Starting Create Volatile Files and Directories...
         Starting Set console font and keymap...
         Starting Tell Plymouth To Write Out Runtime Data...
[[0;32m  OK  [0m] Started Tell Plymouth To Write Out Runtime Data.
[[0;32m  OK  [0m] Started Create Volatile Files and Directories.
         Starting Update UTMP about System Boot/Shutdown...
[[0;32m  OK  [0m] Started Update UTMP about System Boot/Shutdown.
[[0;32m  OK  [0m] Started udev Kernel Device Manager.
[[0;32m  OK  [0m] Started Dispatch Password Requests to Console Directory Watch.
[[0;32m  OK  [0m] Started Set console font and keymap.
[[0;32m  OK  [0m] Created slice system-getty.slice.
[[0;32m  OK  [0m] Found device /dev/ttyS0.
[[0;32m  OK  [0m] Listening on Load/Save RF Kill Switch Status /dev/rfkill Watch.
[[0;32m  OK  [0m] Found device 82540EM Gigabit Ethern...r (PRO/1000 MT Desktop Adapter).
[[0;32m  OK  [0m] Found device 82540EM Gigabit Ethern...r (PRO/1000 MT Desktop Adapter).
[[0;32m  OK  [0m] Started LSB: AppArmor initialization.
         Starting Load AppArmor profiles managed internally by snapd...
[[0;32m  OK  [0m] Started Load AppArmor profiles managed internally by snapd.
[   18.471988] cloud-init[473]: Traceback (most recent call last):
[   18.476475] cloud-init[473]:   File "/usr/bin/cloud-init", line 9, in <module>
[   18.481356] cloud-init[473]:     load_entry_point('cloud-init==20.2', 'console_scripts', 'cloud-init')()
[   18.484278] cloud-init[473]:   File "/usr/local/lib/python3.6/dist-packages/pkg_resources/__init__.py", line 473, in load_entry_point
[   18.487295] cloud-init[473]:     return get_distribution(dist).load_entry_point(group, name)
[   18.489383] cloud-init[473]:   File "/usr/local/lib/python3.6/dist-packages/pkg_resources/__init__.py", line 2843, in load_entry_point
[   18.492098] cloud-init[473]:     return ep.load()
[   18.493637] cloud-init[473]:   File "/usr/local/lib/python3.6/dist-packages/pkg_resources/__init__.py", line 2447, in load
[   18.496346] cloud-init[473]:     return self.resolve()
[   18.497737] cloud-init[473]:   File "/usr/local/lib/python3.6/dist-packages/pkg_resources/__init__.py", line 2453, in resolve
[   18.500441] cloud-init[473]:     module = __import__(self.module_name, fromlist=['__name__'], level=0)
[   18.502854] cloud-init[473]:   File "/usr/lib/python3/dist-packages/cloudinit/cmd/main.py", line 29, in <module>
[   18.512593] cloud-init[473]:     from cloudinit import stages
[   18.514348] cloud-init[473]:   File "/usr/lib/python3/dist-packages/cloudinit/stages.py", line 19, in <module>
[   18.517096] cloud-init[473]:     from cloudinit.handlers.cloud_config import CloudConfigPartHandler
[   18.519428] cloud-init[473]:   File "/usr/lib/python3/dist-packages/cloudinit/handlers/cloud_config.py", line 11, in <module>
[   18.522121] cloud-init[473]:     import jsonpatch
[   18.523857] cloud-init[473]:   File "/usr/lib/python3/dist-packages/jsonpatch.py", line 114, in <module>
[   18.526246] cloud-init[473]:     json.load = get_loadjson()
[   18.527926] cloud-init[473]:   File "/usr/lib/python3/dist-packages/jsonpatch.py", line 108, in get_loadjson
[   18.530829] cloud-init[473]:     argspec = inspect.getargspec(json.load)
[   18.532827] cloud-init[473]:   File "/usr/lib/python3.6/inspect.py", line 1082, in getargspec
[   18.535153] cloud-init[473]:     raise ValueError("Function has keyword-only parameters or annotations"
[   18.537541] cloud-init[473]: ValueError: Function has keyword-only parameters or annotations, use getfullargspec() API which can support them
[[0;1;31mFAILED[0m] Failed to start Initial cloud-init job (pre-networking).
See 'systemctl status cloud-init-local.service' for details.
[[0;32m  OK  [0m] Reached target Network (Pre).
[[0;32m  OK  [0m] Started ifup for enp0s8.
[[0;32m  OK  [0m] Started ifup for enp0s3.
         Starting Raise network interfaces...
[[0;32m  OK  [0m] Started Raise network interfaces.
         Starting Initial cloud-init job (metadata service crawler)...
[[0;32m  OK  [0m] Reached target Network.
[   19.840095] cloud-init[1095]: Traceback (most recent call last):
[   19.843063] cloud-init[1095]:   File "/usr/bin/cloud-init", line 9, in <module>
[   19.849854] cloud-init[1095]:     load_entry_point('cloud-init==20.2', 'console_scripts', 'cloud-init')()
[   19.855045] cloud-init[1095]:   File "/usr/local/lib/python3.6/dist-packages/pkg_resources/__init__.py", line 473, in load_entry_point
[   19.866210] cloud-init[1095]:     return get_distribution(dist).load_entry_point(group, name)
[   19.869268] cloud-init[1095]:   File "/usr/local/lib/python3.6/dist-packages/pkg_resources/__init__.py", line 2843, in load_entry_point
[   19.879475] cloud-init[1095]:     return ep.load()
[   19.897486] cloud-init[1095]:   File "/usr/local/lib/python3.6/dist-packages/pkg_resources/__init__.py", line 2447, in load
[   19.901781] cloud-init[1095]:     return self.resolve()
[   19.912113] cloud-init[1095]:   File "/usr/local/lib/python3.6/dist-packages/pkg_resources/__init__.py", line 2453, in resolve
[[0;1;31mFAILED[0m[   19.916354] cloud-init[1095]:     module = __import__(self.module_name, fromlist=['__name__'], level=0)
[   19.917231] cloud-init[1095]:   File "/usr/lib/python3/dist-packages/cloudinit/cmd/main.py", line 29, in <module>
] Failed to start Initial cloud-init job (metadata service crawler).
[   19.917625] cloud-init[1095]:     from cloudinit import stages
See 'systemctl status cloud-init.service' for details.
[   19.923188] cloud-init[1095]:   File "/usr/lib/python3/dist-packages/cloudinit/stages.py", line 19, in <module>
[   19.930218] cloud-init[1095]:     from cloudinit.handlers.cloud_config import CloudConfigPartHandler
[   19.932229] cloud-init[1095]:   File "/usr/lib/python3/dist-packages/cloudinit/handlers/cloud_config.py", line 11, in <module>
[[0;32m  OK  [0m] Reached target System Initialization.
[   19.934016] cloud-init[1095]:     import jsonpatch
[   19.936054] cloud-init[1095]:   File "/usr/lib/python3/dist-packages/jsonpatch.py", line 114, in <module>
[   19.936822] cloud-init[1095]:     json.load = get_loadjson()
[   19.937590] cloud-init[1095]:   File "/usr/lib/python3/dist-packages/jsonpatch.py", line 108, in get_loadjson
[   19.938379] cloud-init[1095]:     argspec = inspect.getargspec(json.load)
[   19.938587] cloud-init[1095]:   File "/usr/lib/python3.6/inspect.py", line 1082, in getargspec
[   19.944875] cloud-init[1095]:     raise ValueError("Function has keyword-only parameters or annotations"
[   19.946920] cloud-init[1095]: ValueError: Function has keyword-only parameters or annotations, use getfullargspec() API which can support them
[[0;32m  OK  [0m] Started Daily apt download activities.
[[0;32m  OK  [0m] Started Message of the Day.
[[0;32m  OK  [0m] Started Daily Cleanup of Temporary Directories.
[[0;32m  OK  [0m] Listening on D-Bus System Message Bus Socket.
         Starting Socket activation for snappy daemon.
[[0;32m  OK  [0m] Started Daily apt upgrade and clean activities.
[[0;32m  OK  [0m] Reached target Timers.
         Starting LXD - unix socket.
[[0;32m  OK  [0m] Started ACPI Events Check.
[[0;32m  OK  [0m] Reached target Paths.
[[0;32m  OK  [0m] Listening on ACPID Listen Socket.
[[0;32m  OK  [0m] Listening on UUID daemon activation socket.
[[0;32m  OK  [0m] Reached target Network is Online.
         Starting iSCSI initiator daemon (iscsid)...
[[0;32m  OK  [0m] Reached target Cloud-config availability.
[[0;32m  OK  [0m] Listening on Socket activation for snappy daemon.
[[0;32m  OK  [0m] Listening on LXD - unix socket.
[[0;32m  OK  [0m] Reached target Sockets.
[[0;32m  OK  [0m] Reached target Basic System.
         Starting Login Service...
[[0;32m  OK  [0m] Started Regular background program processing daemon.
         Starting Accounts Service...
         Starting LXD - container startup/shutdown...
[[0;32m  OK  [0m] Started Deferred execution scheduler.
[[0;32m  OK  [0m] Started D-Bus System Message Bus.
         Starting LSB: MD monitoring daemon...
         Starting Virtualbox guest utils...
[[0;32m  OK  [0m] Started FUSE filesystem for LXC.
         Starting System Logging Service...
         Starting LSB: Record successful boot for GRUB...
[[0;32m  OK  [0m] Started ACPI event daemon.
         Starting OpenBSD Secure Shell server...
         Starting /etc/rc.local Compatibility...
         Starting Snap Daemon...
[[0;32m  OK  [0m] Started /etc/rc.local Compatibility.
[[0;32m  OK  [0m] Started Login Service.
[[0;32m  OK  [0m] Started Unattended Upgrades Shutdown.
[[0;32m  OK  [0m] Started iSCSI initiator daemon (iscsid).
         Starting Login to default iSCSI targets...
[[0;32m  OK  [0m] Started Login to default iSCSI targets.
[[0;32m  OK  [0m] Reached target Remote File Systems (Pre).
[[0;32m  OK  [0m] Reached target Remote File Systems.
         Starting LSB: Set the CPU Frequency Scaling governor to "ondemand"...
         Starting LSB: Apache2 web server...
         Starting LSB: automatic crash report generation...
         Starting Permit User Sessions...
         Starting LSB: daemon to balance interrupts for SMP systems...
[[0;32m  OK  [0m] Started LSB: Set the CPU Frequency Scaling governor to "ondemand".
[[0;32m  OK  [0m] Started LSB: Record successful boot for GRUB.
[[0;32m  OK  [0m] Started Permit User Sessions.
         Starting Hold until boot process finishes up...
         Starting Terminate Plymouth Boot Screen...
[[0;32m  OK  [0m] Started Hold until boot process finishes up.
         Starting Set console scheme...
[[0;32m  OK  [0m] Started Getty on tty1.
[[0;32m  OK  [0m] Started Serial Getty on ttyS0.
[[0;32m  OK  [0m] Reached target Login Prompts.
[[0;32m  OK  [0m] Started Terminate Plymouth Boot Screen.
[[0;32m  OK  [0m] Started Set console scheme.
[[0;32m  OK  [0m] Started LSB: MD monitoring daemon.
[[0;32m  OK  [0m] Started LSB: daemon to balance interrupts for SMP systems.
[[0;32m  OK  [0m] Started LSB: automatic crash report generation.
[[0;32m  OK  [0m] Started System Logging Service.
[[0;32m  OK  [0m] Started OpenBSD Secure Shell server.
[[0;32m  OK  [0m] Started Virtualbox guest utils.
         Starting Authenticate and Authorize Users to Run Privileged Tasks...
[[0;32m  OK  [0m] Started Authenticate and Authorize Users to Run Privileged Tasks.
[[0;32m  OK  [0m] Started Accounts Service.
[[0;32m  OK  [0m] Started LXD - container startup/shutdown.
[[0;32m  OK  [0m] Started Snap Daemon.
         Starting Wait until snapd is fully seeded...
[[0;32m  OK  [0m] Started Wait until snapd is fully seeded.
         Starting Apply the settings specified in cloud-config...
[   24.810535] cloud-init[1401]: Traceback (most recent call last):
[   24.812495] cloud-init[1401]:   File "/usr/bin/cloud-init", line 9, in <module>
[   24.814835] cloud-init[1401]:     load_entry_point('cloud-init==20.2', 'console_scripts', 'cloud-init')()
[   24.817414] cloud-init[1401]:   File "/usr/local/lib/python3.6/dist-packages/pkg_resources/__init__.py", line 473, in load_entry_point
[   24.820190] cloud-init[1401]:     return get_distribution(dist).load_entry_point(group, name)
[   24.822673] cloud-init[1401]:   File "/usr/local/lib/python3.6/dist-packages/pkg_resources/__init__.py", line 2843, in load_entry_point
[   24.825635] cloud-init[1401]:     return ep.load()
[   24.827295] cloud-init[1401]:   File "/usr/local/lib/python3.6/dist-packages/pkg_resources/__init__.py", line 2447, in load
[   24.830030] cloud-init[1401]:     return self.resolve()
[   24.831759] cloud-init[1401]:   File "/usr/local/lib/python3.6/dist-packages/pkg_resources/__init__.py", line 2453, in resolve
[   24.834560] cloud-init[1401]:     module = __import__(self.module_name, fromlist=['__name__'], level=0)
[   24.837063] cloud-init[1401]:   File "/usr/lib/python3/dist-packages/cloudinit/cmd/main.py", line 29, in <module>
[   24.839689] cloud-init[1401]:     from cloudinit import stages
[   24.841641] cloud-init[1401]:   File "/usr/lib/python3/dist-packages/cloudinit/stages.py", line 19, in <module>
[   24.844146] cloud-init[1401]:     from cloudinit.handlers.cloud_config import CloudConfigPartHandler
[   24.846595] cloud-init[1401]:   File "/usr/lib/python3/dist-packages/cloudinit/handlers/cloud_config.py", line 11, in <module>
[   24.849518] cloud-init[1401]:     import jsonpatch
[   24.851286] cloud-init[1401]:   File "/usr/lib/python3/dist-packages/jsonpatch.py", line 114, in <module>
[   24.853697] cloud-init[1401]:     json.load = get_loadjson()
[   24.855555] cloud-init[1401]:   File "/usr/lib/python3/dist-packages/jsonpatch.py", line 108, in get_loadjson
[   24.858219] cloud-init[1401]:     argspec = inspect.getargspec(json.load)
[   24.860322] cloud-init[1401]:   File "/usr/lib/python3.6/inspect.py", line 1082, in getargspec
[   24.862755] cloud-init[1401]:     raise ValueError("Function has keyword-only parameters or annotations"
[   24.865403] cloud-init[1401]: ValueError: Function has keyword-only parameters or annotations, use getfullargspec() API which can support them
[[0;1;31mFAILED[0m] Failed to start Apply the settings specified in cloud-config.
See 'systemctl status cloud-config.service' for details.
[[0;32m  OK  [0m] Started LSB: Apache2 web server.
[[0;32m  OK  [0m] Reached target Multi-User System.
         Starting Execute cloud user/final scripts...
[[0;32m  OK  [0m] Reached target Graphical Interface.
         Starting Update UTMP about System Runlevel Changes...
[[0;32m  OK  [0m] Started Update UTMP about System Runlevel Changes.
[   25.567959] cloud-init[1407]: Traceback (most recent call last):
[   25.569968] cloud-init[1407]:   File "/usr/bin/cloud-init", line 9, in <module>
[   25.572451] cloud-init[1407]:     load_entry_point('cloud-init==20.2', 'console_scripts', 'cloud-init')()
[   25.575300] cloud-init[1407]:   File "/usr/local/lib/python3.6/dist-packages/pkg_resources/__init__.py", line 473, in load_entry_point
[   25.578720] cloud-init[1407]:     return get_distribution(dist).load_entry_point(group, name)
[   25.581311] cloud-init[1407]:   File "/usr/local/lib/python3.6/dist-packages/pkg_resources/__init__.py", line 2843, in load_entry_point
[   25.584732] cloud-init[1407]:     return ep.load()
[   25.586563] cloud-init[1407]:   File "/usr/local/lib/python3.6/dist-packages/pkg_resources/__init__.py", line 2447, in load
[   25.589448] cloud-init[1407]:     return self.resolve()
[   25.591320] cloud-init[1407]:   File "/usr/local/lib/python3.6/dist-packages/pkg_resources/__init__.py", line 2453, in resolve
[   25.594715] cloud-init[1407]:     module = __import__(self.module_name, fromlist=['__name__'], level=0)
[   25.596824] cloud-init[1407]:   File "/usr/lib/python3/dist-packages/cloudinit/cmd/main.py", line 29, in <module>
[   25.598878] cloud-init[1407]:     from cloudinit import stages
[   25.600459] cloud-init[1407]:   File "/usr/lib/python3/dist-packages/cloudinit/stages.py", line 19, in <module>
[   25.603305] cloud-init[1407]:     from cloudinit.handlers.cloud_config import CloudConfigPartHandler
[   25.605991] cloud-init[1407]:   File "/usr/lib/python3/dist-packages/cloudinit/handlers/cloud_config.py", line 11, in <module>
[   25.609228] cloud-init[1407]:     import jsonpatch
[   25.610985] cloud-init[1407]:   File "/usr/lib/python3/dist-packages/jsonpatch.py", line 114, in <module>
[   25.613628] cloud-init[1407]:     json.load = get_loadjson()
[   25.615613] cloud-init[1407]:   File "/usr/lib/python3/dist-packages/jsonpatch.py", line 108, in get_loadjson
[[0;1;31mFAILED[0m] Failed to start Execute cloud user/final scripts.
See 'systemctl status cloud-final.service' for details.
[   25.624230] cloud-init[1407]:     argspec = inspect.getargspec(json.load)
[[0;32m  OK  [0m[   25.626850] cloud-init[1407]:   File "/usr/lib/python3.6/inspect.py", line 1082, in getargspec
[   25.627662] cloud-init[1407]:     raise ValueError("Function has keyword-only parameters or annotations"
[   25.629295] cloud-init[1407]: ValueError: Function has keyword-only parameters or annotations, use getfullargspec() API which can support them
] Reached target Cloud-init target.

Ubuntu 16.04.7 LTS ubuntu-xenial ttyS0

ubuntu-xenial login: 